2026-01-25T20:22:04.3524463Z Current runner version: '2.331.0'
2026-01-25T20:22:04.3558042Z ##[group]Runner Image Provisioner
2026-01-25T20:22:04.3559413Z Hosted Compute Agent
2026-01-25T20:22:04.3560284Z Version: 20260115.477
2026-01-25T20:22:04.3561215Z Commit: 4b342d620503cbe250a3154040964899ea7c9b00
2026-01-25T20:22:04.3562369Z Build Date: 2026-01-15T22:32:41Z
2026-01-25T20:22:04.3563447Z Worker ID: {4d8fa97e-2d24-4f00-a1c6-890aa3ed6a1b}
2026-01-25T20:22:04.3564572Z Azure Region: northcentralus
2026-01-25T20:22:04.3565844Z ##[endgroup]
2026-01-25T20:22:04.3568141Z ##[group]Operating System
2026-01-25T20:22:04.3569108Z Ubuntu
2026-01-25T20:22:04.3570026Z 24.04.3
2026-01-25T20:22:04.3570817Z LTS
2026-01-25T20:22:04.3571682Z ##[endgroup]
2026-01-25T20:22:04.3572466Z ##[group]Runner Image
2026-01-25T20:22:04.3573554Z Image: ubuntu-24.04
2026-01-25T20:22:04.3574347Z Version: 20260119.4.1
2026-01-25T20:22:04.3576672Z Included Software: https://github.com/actions/runner-images/blob/ubuntu24/20260119.4/images/ubuntu/Ubuntu2404-Readme.md
2026-01-25T20:22:04.3579343Z Image Release: https://github.com/actions/runner-images/releases/tag/ubuntu24%2F20260119.4
2026-01-25T20:22:04.3581054Z ##[endgroup]
2026-01-25T20:22:04.3585903Z ##[group]GITHUB_TOKEN Permissions
2026-01-25T20:22:04.3588641Z Actions: write
2026-01-25T20:22:04.3589615Z ArtifactMetadata: write
2026-01-25T20:22:04.3590622Z Attestations: write
2026-01-25T20:22:04.3591472Z Checks: write
2026-01-25T20:22:04.3592450Z Contents: write
2026-01-25T20:22:04.3593287Z Deployments: write
2026-01-25T20:22:04.3594079Z Discussions: write
2026-01-25T20:22:04.3594995Z Issues: write
2026-01-25T20:22:04.3596049Z Metadata: read
2026-01-25T20:22:04.3596915Z Models: read
2026-01-25T20:22:04.3597770Z Packages: write
2026-01-25T20:22:04.3598716Z Pages: write
2026-01-25T20:22:04.3599701Z PullRequests: write
2026-01-25T20:22:04.3600770Z RepositoryProjects: write
2026-01-25T20:22:04.3601969Z SecurityEvents: write
2026-01-25T20:22:04.3602795Z Statuses: write
2026-01-25T20:22:04.3603701Z ##[endgroup]
2026-01-25T20:22:04.3606904Z Secret source: Actions
2026-01-25T20:22:04.3607969Z Prepare workflow directory
2026-01-25T20:22:04.4233868Z Prepare all required actions
2026-01-25T20:22:04.4289590Z Getting action download info
2026-01-25T20:22:04.6657036Z Download action repository 'actions/checkout@v4' (SHA:34e114876b0b11c390a56381ad16ebd13914f8d5)
2026-01-25T20:22:04.8128423Z Download action repository 'actions/setup-node@v4' (SHA:49933ea5288caeca8642d1e84afbd3f7d6820020)
2026-01-25T20:22:05.0397569Z Complete job name: Test
2026-01-25T20:22:05.0867542Z ##[group]Checking docker version
2026-01-25T20:22:05.0880258Z ##[command]/usr/bin/docker version --format '{{.Server.APIVersion}}'
2026-01-25T20:22:05.1737392Z '1.48'
2026-01-25T20:22:05.1751794Z Docker daemon API version: '1.48'
2026-01-25T20:22:05.1752728Z ##[command]/usr/bin/docker version --format '{{.Client.APIVersion}}'
2026-01-25T20:22:05.1907131Z '1.48'
2026-01-25T20:22:05.1921185Z Docker client API version: '1.48'
2026-01-25T20:22:05.1926669Z ##[endgroup]
2026-01-25T20:22:05.1929982Z ##[group]Clean up resources from previous jobs
2026-01-25T20:22:05.1934678Z ##[command]/usr/bin/docker ps --all --quiet --no-trunc --filter "label=1f9823"
2026-01-25T20:22:05.2076127Z ##[command]/usr/bin/docker network prune --force --filter "label=1f9823"
2026-01-25T20:22:05.2203561Z ##[endgroup]
2026-01-25T20:22:05.2204040Z ##[group]Create local container network
2026-01-25T20:22:05.2214310Z ##[command]/usr/bin/docker network create --label 1f9823 github_network_1b916ee13f4142af8493da204a1a7d39
2026-01-25T20:22:05.2726809Z c8bb9fa99a7bc0679f86a762b600db2b9ed475fb2aed92aae40b4e39725c6326
2026-01-25T20:22:05.2747433Z ##[endgroup]
2026-01-25T20:22:05.2772025Z ##[group]Starting neo4j service container
2026-01-25T20:22:05.2792664Z ##[command]/usr/bin/docker pull neo4j:5.15.0
2026-01-25T20:22:05.6859308Z 5.15.0: Pulling from library/neo4j
2026-01-25T20:22:05.8022125Z 0e0969fcaa82: Pulling fs layer
2026-01-25T20:22:05.8037873Z 46717352c8c1: Pulling fs layer
2026-01-25T20:22:05.8038774Z 7b6c4391345c: Pulling fs layer
2026-01-25T20:22:05.8040021Z b3a561d23014: Pulling fs layer
2026-01-25T20:22:05.8040966Z 4136c74b119e: Pulling fs layer
2026-01-25T20:22:05.8041831Z b3a561d23014: Waiting
2026-01-25T20:22:05.8042615Z 4136c74b119e: Waiting
2026-01-25T20:22:05.9374073Z 7b6c4391345c: Verifying Checksum
2026-01-25T20:22:05.9375221Z 7b6c4391345c: Download complete
2026-01-25T20:22:06.0440908Z b3a561d23014: Verifying Checksum
2026-01-25T20:22:06.0444205Z b3a561d23014: Download complete
2026-01-25T20:22:06.0825050Z 0e0969fcaa82: Verifying Checksum
2026-01-25T20:22:06.0826577Z 0e0969fcaa82: Download complete
2026-01-25T20:22:06.9505387Z 46717352c8c1: Verifying Checksum
2026-01-25T20:22:06.9506413Z 46717352c8c1: Download complete
2026-01-25T20:22:07.4712723Z 0e0969fcaa82: Pull complete
2026-01-25T20:22:07.8935945Z 4136c74b119e: Verifying Checksum
2026-01-25T20:22:07.8936625Z 4136c74b119e: Download complete
2026-01-25T20:22:10.7161399Z 46717352c8c1: Pull complete
2026-01-25T20:22:10.7414595Z 7b6c4391345c: Pull complete
2026-01-25T20:22:10.7542649Z b3a561d23014: Pull complete
2026-01-25T20:22:11.5203371Z 4136c74b119e: Pull complete
2026-01-25T20:22:11.5261893Z Digest: sha256:d9e2fb1ba398536e50d22ebc3d5d585baa086c1c0cf8e5b96bdc9e11e87e002a
2026-01-25T20:22:11.5276622Z Status: Downloaded newer image for neo4j:5.15.0
2026-01-25T20:22:11.5288967Z docker.io/library/neo4j:5.15.0
2026-01-25T20:22:11.5366244Z ##[command]/usr/bin/docker create --name 4ea608e5644e4257a6ff8e50871615cd_neo4j5150_c4e94b --label 1f9823 --network github_network_1b916ee13f4142af8493da204a1a7d39 --network-alias neo4j -p 7474:7474 -p 7687:7687 --health-cmd "wget --no-verbose --tries=1 --spider localhost:7474 || exit 1" --health-interval 10s --health-timeout 5s --health-retries 5 --health-start-period 30s -e "NEO4J_AUTH=neo4j/testpassword" -e GITHUB_ACTIONS=true -e CI=true neo4j:5.15.0
2026-01-25T20:22:11.5642395Z f5b1c14eec465b2c504511b594a7ec122812ccfcb036b588d0d89ffa25f27ba9
2026-01-25T20:22:11.5667922Z ##[command]/usr/bin/docker start f5b1c14eec465b2c504511b594a7ec122812ccfcb036b588d0d89ffa25f27ba9
2026-01-25T20:22:11.7748245Z f5b1c14eec465b2c504511b594a7ec122812ccfcb036b588d0d89ffa25f27ba9
2026-01-25T20:22:11.7776080Z ##[command]/usr/bin/docker ps --all --filter id=f5b1c14eec465b2c504511b594a7ec122812ccfcb036b588d0d89ffa25f27ba9 --filter status=running --no-trunc --format "{{.ID}} {{.Status}}"
2026-01-25T20:22:11.7920139Z f5b1c14eec465b2c504511b594a7ec122812ccfcb036b588d0d89ffa25f27ba9 Up Less than a second (health: starting)
2026-01-25T20:22:11.7949016Z ##[command]/usr/bin/docker port f5b1c14eec465b2c504511b594a7ec122812ccfcb036b588d0d89ffa25f27ba9
2026-01-25T20:22:11.8094847Z 7474/tcp -> 0.0.0.0:7474
2026-01-25T20:22:11.8095343Z 7474/tcp -> [::]:7474
2026-01-25T20:22:11.8095889Z 7687/tcp -> 0.0.0.0:7687
2026-01-25T20:22:11.8096223Z 7687/tcp -> [::]:7687
2026-01-25T20:22:11.8146771Z ##[endgroup]
2026-01-25T20:22:11.8156070Z ##[group]Waiting for all services to be ready
2026-01-25T20:22:11.8170038Z ##[command]/usr/bin/docker inspect --format="{{if .Config.Healthcheck}}{{print .State.Health.Status}}{{end}}" f5b1c14eec465b2c504511b594a7ec122812ccfcb036b588d0d89ffa25f27ba9
2026-01-25T20:22:11.8314520Z starting
2026-01-25T20:22:11.8342164Z neo4j service is starting, waiting 2 seconds before checking again.
2026-01-25T20:22:13.8349594Z ##[command]/usr/bin/docker inspect --format="{{if .Config.Healthcheck}}{{print .State.Health.Status}}{{end}}" f5b1c14eec465b2c504511b594a7ec122812ccfcb036b588d0d89ffa25f27ba9
2026-01-25T20:22:13.8576867Z starting
2026-01-25T20:22:13.8579618Z neo4j service is starting, waiting 4 seconds before checking again.
2026-01-25T20:22:17.9112849Z ##[command]/usr/bin/docker inspect --format="{{if .Config.Healthcheck}}{{print .State.Health.Status}}{{end}}" f5b1c14eec465b2c504511b594a7ec122812ccfcb036b588d0d89ffa25f27ba9
2026-01-25T20:22:17.9347630Z starting
2026-01-25T20:22:17.9372240Z neo4j service is starting, waiting 8 seconds before checking again.
2026-01-25T20:22:26.2046022Z ##[command]/usr/bin/docker inspect --format="{{if .Config.Healthcheck}}{{print .State.Health.Status}}{{end}}" f5b1c14eec465b2c504511b594a7ec122812ccfcb036b588d0d89ffa25f27ba9
2026-01-25T20:22:26.2172748Z healthy
2026-01-25T20:22:26.2190578Z neo4j service is healthy.
2026-01-25T20:22:26.2191333Z ##[endgroup]
2026-01-25T20:22:26.2456668Z ##[group]Run actions/checkout@v4
2026-01-25T20:22:26.2457284Z with:
2026-01-25T20:22:26.2457548Z   repository: andriyshevchenko/mcp-memory-graph-enhanced
2026-01-25T20:22:26.2458030Z   token: ***
2026-01-25T20:22:26.2458215Z   ssh-strict: true
2026-01-25T20:22:26.2458390Z   ssh-user: git
2026-01-25T20:22:26.2458579Z   persist-credentials: true
2026-01-25T20:22:26.2458788Z   clean: true
2026-01-25T20:22:26.2458982Z   sparse-checkout-cone-mode: true
2026-01-25T20:22:26.2459229Z   fetch-depth: 1
2026-01-25T20:22:26.2459403Z   fetch-tags: false
2026-01-25T20:22:26.2459577Z   show-progress: true
2026-01-25T20:22:26.2459761Z   lfs: false
2026-01-25T20:22:26.2459919Z   submodules: false
2026-01-25T20:22:26.2460101Z   set-safe-directory: true
2026-01-25T20:22:26.2460521Z ##[endgroup]
2026-01-25T20:22:26.3573171Z Syncing repository: andriyshevchenko/mcp-memory-graph-enhanced
2026-01-25T20:22:26.3574582Z ##[group]Getting Git version info
2026-01-25T20:22:26.3575132Z Working directory is '/home/runner/work/mcp-memory-graph-enhanced/mcp-memory-graph-enhanced'
2026-01-25T20:22:26.3576151Z [command]/usr/bin/git version
2026-01-25T20:22:26.3641171Z git version 2.52.0
2026-01-25T20:22:26.3667662Z ##[endgroup]
2026-01-25T20:22:26.3682987Z Temporarily overriding HOME='/home/runner/work/_temp/899e9eda-43fb-4ffc-b04f-5069da4fb04f' before making global git config changes
2026-01-25T20:22:26.3684361Z Adding repository directory to the temporary git global config as a safe directory
2026-01-25T20:22:26.3689563Z [command]/usr/bin/git config --global --add safe.directory /home/runner/work/mcp-memory-graph-enhanced/mcp-memory-graph-enhanced
2026-01-25T20:22:26.3802552Z Deleting the contents of '/home/runner/work/mcp-memory-graph-enhanced/mcp-memory-graph-enhanced'
2026-01-25T20:22:26.3803854Z ##[group]Initializing the repository
2026-01-25T20:22:26.3804603Z [command]/usr/bin/git init /home/runner/work/mcp-memory-graph-enhanced/mcp-memory-graph-enhanced
2026-01-25T20:22:26.3832392Z hint: Using 'master' as the name for the initial branch. This default branch name
2026-01-25T20:22:26.3833434Z hint: will change to "main" in Git 3.0. To configure the initial branch name
2026-01-25T20:22:26.3834476Z hint: to use in all of your new repositories, which will suppress this warning,
2026-01-25T20:22:26.3835293Z hint: call:
2026-01-25T20:22:26.3835822Z hint:
2026-01-25T20:22:26.3836351Z hint: 	git config --global init.defaultBranch <name>
2026-01-25T20:22:26.3837003Z hint:
2026-01-25T20:22:26.3837625Z hint: Names commonly chosen instead of 'master' are 'main', 'trunk' and
2026-01-25T20:22:26.3838681Z hint: 'development'. The just-created branch can be renamed via this command:
2026-01-25T20:22:26.3839337Z hint:
2026-01-25T20:22:26.3839565Z hint: 	git branch -m <name>
2026-01-25T20:22:26.3839843Z hint:
2026-01-25T20:22:26.3840216Z hint: Disable this message with "git config set advice.defaultBranchName false"
2026-01-25T20:22:26.3841054Z Initialized empty Git repository in /home/runner/work/mcp-memory-graph-enhanced/mcp-memory-graph-enhanced/.git/
2026-01-25T20:22:26.3849400Z [command]/usr/bin/git remote add origin https://github.com/andriyshevchenko/mcp-memory-graph-enhanced
2026-01-25T20:22:26.3881506Z ##[endgroup]
2026-01-25T20:22:26.3881977Z ##[group]Disabling automatic garbage collection
2026-01-25T20:22:26.3885672Z [command]/usr/bin/git config --local gc.auto 0
2026-01-25T20:22:26.3913103Z ##[endgroup]
2026-01-25T20:22:26.3913550Z ##[group]Setting up auth
2026-01-25T20:22:26.3920202Z [command]/usr/bin/git config --local --name-only --get-regexp core\.sshCommand
2026-01-25T20:22:26.3950152Z [command]/usr/bin/git submodule foreach --recursive sh -c "git config --local --name-only --get-regexp 'core\.sshCommand' && git config --local --unset-all 'core.sshCommand' || :"
2026-01-25T20:22:26.4283204Z [command]/usr/bin/git config --local --name-only --get-regexp http\.https\:\/\/github\.com\/\.extraheader
2026-01-25T20:22:26.4317840Z [command]/usr/bin/git submodule foreach --recursive sh -c "git config --local --name-only --get-regexp 'http\.https\:\/\/github\.com\/\.extraheader' && git config --local --unset-all 'http.https://github.com/.extraheader' || :"
2026-01-25T20:22:26.4539553Z [command]/usr/bin/git config --local --name-only --get-regexp ^includeIf\.gitdir:
2026-01-25T20:22:26.4568920Z [command]/usr/bin/git submodule foreach --recursive git config --local --show-origin --name-only --get-regexp remote.origin.url
2026-01-25T20:22:26.4794381Z [command]/usr/bin/git config --local http.https://github.com/.extraheader AUTHORIZATION: basic ***
2026-01-25T20:22:26.4830189Z ##[endgroup]
2026-01-25T20:22:26.4830781Z ##[group]Fetching the repository
2026-01-25T20:22:26.4839129Z [command]/usr/bin/git -c protocol.version=2 fetch --no-tags --prune --no-recurse-submodules --depth=1 origin +c807937dad87f3669725439a63f5a7563903eb3a:refs/remotes/pull/25/merge
2026-01-25T20:22:26.7728046Z From https://github.com/andriyshevchenko/mcp-memory-graph-enhanced
2026-01-25T20:22:26.7728919Z  * [new ref]         c807937dad87f3669725439a63f5a7563903eb3a -> pull/25/merge
2026-01-25T20:22:26.7761470Z ##[endgroup]
2026-01-25T20:22:26.7761878Z ##[group]Determining the checkout info
2026-01-25T20:22:26.7764272Z ##[endgroup]
2026-01-25T20:22:26.7769824Z [command]/usr/bin/git sparse-checkout disable
2026-01-25T20:22:26.7812009Z [command]/usr/bin/git config --local --unset-all extensions.worktreeConfig
2026-01-25T20:22:26.7838410Z ##[group]Checking out the ref
2026-01-25T20:22:26.7843959Z [command]/usr/bin/git checkout --progress --force refs/remotes/pull/25/merge
2026-01-25T20:22:26.7933345Z Note: switching to 'refs/remotes/pull/25/merge'.
2026-01-25T20:22:26.7933726Z 
2026-01-25T20:22:26.7934049Z You are in 'detached HEAD' state. You can look around, make experimental
2026-01-25T20:22:26.7934601Z changes and commit them, and you can discard any commits you make in this
2026-01-25T20:22:26.7935093Z state without impacting any branches by switching back to a branch.
2026-01-25T20:22:26.7935382Z 
2026-01-25T20:22:26.7935808Z If you want to create a new branch to retain commits you create, you may
2026-01-25T20:22:26.7936267Z do so (now or later) by using -c with the switch command. Example:
2026-01-25T20:22:26.7936529Z 
2026-01-25T20:22:26.7936654Z   git switch -c <new-branch-name>
2026-01-25T20:22:26.7936825Z 
2026-01-25T20:22:26.7936924Z Or undo this operation with:
2026-01-25T20:22:26.7937079Z 
2026-01-25T20:22:26.7937155Z   git switch -
2026-01-25T20:22:26.7937387Z 
2026-01-25T20:22:26.7937752Z Turn off this advice by setting config variable advice.detachedHead to false
2026-01-25T20:22:26.7938302Z 
2026-01-25T20:22:26.7938910Z HEAD is now at c807937 Merge 1ff35b2a760c1120f8f58f4fbd1350067862489b into a2c576bcdea7e55543968df9b2db03bf6db7ee9f
2026-01-25T20:22:26.7942638Z ##[endgroup]
2026-01-25T20:22:26.7977253Z [command]/usr/bin/git log -1 --format=%H
2026-01-25T20:22:26.7999540Z c807937dad87f3669725439a63f5a7563903eb3a
2026-01-25T20:22:26.8215053Z ##[group]Run actions/setup-node@v4
2026-01-25T20:22:26.8215326Z with:
2026-01-25T20:22:26.8215799Z   node-version: 22
2026-01-25T20:22:26.8216012Z   cache: npm
2026-01-25T20:22:26.8216187Z   always-auth: false
2026-01-25T20:22:26.8216373Z   check-latest: false
2026-01-25T20:22:26.8216767Z   token: ***
2026-01-25T20:22:26.8216942Z ##[endgroup]
2026-01-25T20:22:27.0126494Z Found in cache @ /opt/hostedtoolcache/node/22.22.0/x64
2026-01-25T20:22:27.0132060Z ##[group]Environment details
2026-01-25T20:22:29.6476269Z node: v22.22.0
2026-01-25T20:22:29.6476640Z npm: 10.9.4
2026-01-25T20:22:29.6476938Z yarn: 1.22.22
2026-01-25T20:22:29.6478580Z ##[endgroup]
2026-01-25T20:22:29.6500793Z [command]/opt/hostedtoolcache/node/22.22.0/x64/bin/npm config get cache
2026-01-25T20:22:29.9155791Z /home/runner/.npm
2026-01-25T20:22:30.0591024Z Cache hit for: node-cache-Linux-x64-npm-719e9e0d7d4de6d74069a54f56b7bb0ff3d5bd8a63890eb09650430099c642a9
2026-01-25T20:22:30.6066372Z Received 21060649 of 21060649 (100.0%), 47.9 MBs/sec
2026-01-25T20:22:30.6067267Z Cache Size: ~20 MB (21060649 B)
2026-01-25T20:22:30.6094876Z [command]/usr/bin/tar -xf /home/runner/work/_temp/392c35b8-0bbd-402c-a7ad-25a56ff08d8f/cache.tzst -P -C /home/runner/work/mcp-memory-graph-enhanced/mcp-memory-graph-enhanced --use-compress-program unzstd
2026-01-25T20:22:30.6867185Z Cache restored successfully
2026-01-25T20:22:30.6912034Z Cache restored from key: node-cache-Linux-x64-npm-719e9e0d7d4de6d74069a54f56b7bb0ff3d5bd8a63890eb09650430099c642a9
2026-01-25T20:22:30.7079531Z ##[group]Run npm ci
2026-01-25T20:22:30.7079818Z [36;1mnpm ci[0m
2026-01-25T20:22:30.7122432Z shell: /usr/bin/bash -e {0}
2026-01-25T20:22:30.7122707Z ##[endgroup]
2026-01-25T20:22:33.2622501Z npm warn deprecated inflight@1.0.6: This module is not supported, and leaks memory. Do not use it. Check out lru-cache if you want a good and tested way to coalesce async requests by a key value, which is much more comprehensive and powerful.
2026-01-25T20:22:33.3394135Z npm warn deprecated glob@7.2.3: Glob versions prior to v9 are no longer supported
2026-01-25T20:22:37.6006646Z 
2026-01-25T20:22:37.6007437Z added 219 packages, and audited 221 packages in 7s
2026-01-25T20:22:37.6009742Z 
2026-01-25T20:22:37.6010146Z 63 packages are looking for funding
2026-01-25T20:22:37.6156754Z   run `npm fund` for details
2026-01-25T20:22:37.6157072Z 
2026-01-25T20:22:37.6158965Z 6 moderate severity vulnerabilities
2026-01-25T20:22:37.6159321Z 
2026-01-25T20:22:37.6159871Z To address all issues (including breaking changes), run:
2026-01-25T20:22:37.6160520Z   npm audit fix --force
2026-01-25T20:22:37.6160788Z 
2026-01-25T20:22:37.6161026Z Run `npm audit` for details.
2026-01-25T20:22:37.6767338Z ##[group]Run npm ci
2026-01-25T20:22:37.6767600Z [36;1mnpm ci[0m
2026-01-25T20:22:37.6799997Z shell: /usr/bin/bash -e {0}
2026-01-25T20:22:37.6800235Z ##[endgroup]
2026-01-25T20:22:38.9071765Z npm warn deprecated inflight@1.0.6: This module is not supported, and leaks memory. Do not use it. Check out lru-cache if you want a good and tested way to coalesce async requests by a key value, which is much more comprehensive and powerful.
2026-01-25T20:22:38.9920238Z npm warn deprecated glob@7.2.3: Glob versions prior to v9 are no longer supported
2026-01-25T20:22:43.3422120Z 
2026-01-25T20:22:43.3422802Z added 219 packages, and audited 221 packages in 6s
2026-01-25T20:22:43.3423222Z 
2026-01-25T20:22:43.3423471Z 63 packages are looking for funding
2026-01-25T20:22:43.3425798Z   run `npm fund` for details
2026-01-25T20:22:43.3661672Z 
2026-01-25T20:22:43.3662456Z 6 moderate severity vulnerabilities
2026-01-25T20:22:43.3663225Z 
2026-01-25T20:22:43.3664004Z To address all issues (including breaking changes), run:
2026-01-25T20:22:43.3665047Z   npm audit fix --force
2026-01-25T20:22:43.3671310Z 
2026-01-25T20:22:43.3672640Z Run `npm audit` for details.
2026-01-25T20:22:43.3947602Z ##[group]Run npm test
2026-01-25T20:22:43.3947875Z [36;1mnpm test[0m
2026-01-25T20:22:43.3995299Z shell: /usr/bin/bash -e {0}
2026-01-25T20:22:43.3995800Z env:
2026-01-25T20:22:43.3996101Z   NEO4J_URI: neo4j://localhost:7687
2026-01-25T20:22:43.3996511Z   NEO4J_USERNAME: neo4j
2026-01-25T20:22:43.3996850Z   NEO4J_PASSWORD: testpassword
2026-01-25T20:22:43.3997211Z ##[endgroup]
2026-01-25T20:22:43.5198358Z 
2026-01-25T20:22:43.5199112Z > server-memory-enhanced@2.3.2 test
2026-01-25T20:22:43.5200053Z > vitest run --coverage
2026-01-25T20:22:43.5200364Z 
2026-01-25T20:22:43.9692101Z 
2026-01-25T20:22:43.9694829Z [1m[7m[36m RUN [39m[27m[22m [36mv2.1.9 [39m[90m/home/runner/work/mcp-memory-graph-enhanced/mcp-memory-graph-enhanced/src/memory-enhanced[39m
2026-01-25T20:22:43.9696333Z       [2mCoverage enabled with [22m[33mv8[39m
2026-01-25T20:22:43.9696781Z 
2026-01-25T20:22:44.7839691Z  [31m❯[39m __tests__/save-memory-integration.test.ts [2m([22m[2m17 tests[22m[2m | [22m[31m4 failed[39m[2m)[22m[90m 72[2mms[22m[39m
2026-01-25T20:22:44.7847451Z [31m   [31m×[31m Save Memory Handler - Integration Tests[2m > [22mshould apply default confidence and importance values[90m 15[2mms[22m[31m[39m
2026-01-25T20:22:44.7848845Z [31m     → expected undefined to be defined[39m
2026-01-25T20:22:44.7850411Z [31m   [31m×[31m Save Memory Handler - Integration Tests[2m > [22mshould respect custom confidence and importance values[90m 3[2mms[22m[31m[39m
2026-01-25T20:22:44.7851777Z [31m     → expected undefined to be defined[39m
2026-01-25T20:22:44.7853250Z [31m   [31m×[31m Save Memory Handler - Integration Tests[2m > [22mshould create bidirectional relations[90m 7[2mms[22m[31m[39m
2026-01-25T20:22:44.7854680Z [31m     → expected false to be true // Object.is equality[39m
2026-01-25T20:22:44.7856760Z [31m   [31m×[31m Save Memory Handler - Integration Tests[2m > [22mshould allow incremental building with cross-thread entity references[90m 7[2mms[22m[31m[39m
2026-01-25T20:22:44.7858377Z [31m     → expected false to be true // Object.is equality[39m
2026-01-25T20:22:44.8161163Z  [31m❯[39m __tests__/knowledge-graph-manager-extended.test.ts [2m([22m[2m24 tests[22m[2m | [22m[31m11 failed[39m[2m)[22m[90m 104[2mms[22m[39m
2026-01-25T20:22:44.8165796Z [31m   [31m×[31m KnowledgeGraphManager - Extended Coverage[2m > [22mgetMemoryStats[2m > [22mshould return correct stats for populated graph[90m 22[2mms[22m[31m[39m
2026-01-25T20:22:44.8169247Z [31m     → expected +0 to be 2 // Object.is equality[39m
2026-01-25T20:22:44.8176261Z [31m   [31m×[31m KnowledgeGraphManager - Extended Coverage[2m > [22mgetRecentChanges[2m > [22mshould include relations with recent timestamps[90m 3[2mms[22m[31m[39m
2026-01-25T20:22:44.8178986Z [31m     → expected 0 to be greater than 0[39m
2026-01-25T20:22:44.8181946Z [31m   [31m×[31m KnowledgeGraphManager - Extended Coverage[2m > [22mfindRelationPath[2m > [22mshould find direct path between connected entities[90m 3[2mms[22m[31m[39m
2026-01-25T20:22:44.8195458Z [31m     → expected false to be true // Object.is equality[39m
2026-01-25T20:22:44.8199338Z [31m   [31m×[31m KnowledgeGraphManager - Extended Coverage[2m > [22mpruneMemory[2m > [22mshould respect keepMinEntities parameter[90m 3[2mms[22m[31m[39m
2026-01-25T20:22:44.8200966Z [31m     → expected +0 to be 2 // Object.is equality[39m
2026-01-25T20:22:44.8203224Z [31m   [31m×[31m KnowledgeGraphManager - Extended Coverage[2m > [22mbulkUpdate[2m > [22mshould update multiple entities at once[90m 6[2mms[22m[31m[39m
2026-01-25T20:22:44.8204803Z [31m     → expected undefined to be 0.9 // Object.is equality[39m
2026-01-25T20:22:44.8206740Z [31m   [31m×[31m KnowledgeGraphManager - Extended Coverage[2m > [22mbulkUpdate[2m > [22mshould add observations during bulk update[90m 5[2mms[22m[31m[39m
2026-01-25T20:22:44.8208783Z [31m     → actual value must be number or bigint, received "undefined"[39m
2026-01-25T20:22:44.8219284Z [31m   [31m×[31m KnowledgeGraphManager - Extended Coverage[2m > [22mflagForReview[2m > [22mshould flag entity for review[90m 4[2mms[22m[31m[39m
2026-01-25T20:22:44.8224815Z [31m     → expected 0 to be greater than 0[39m
2026-01-25T20:22:44.8228842Z [31m   [31m×[31m KnowledgeGraphManager - Extended Coverage[2m > [22mflagForReview[2m > [22mshould include reviewer when provided[90m 4[2mms[22m[31m[39m
2026-01-25T20:22:44.8231346Z [31m     → expected 0 to be greater than 0[39m
2026-01-25T20:22:44.8233217Z [31m   [31m×[31m KnowledgeGraphManager - Extended Coverage[2m > [22mgetContext[2m > [22mshould retrieve entities and relations within specified depth[90m 3[2mms[22m[31m[39m
2026-01-25T20:22:44.8235174Z [31m     → number 1 is not iterable (cannot read property Symbol(Symbol.iterator))[39m
2026-01-25T20:22:44.8237251Z [31m   [31m×[31m KnowledgeGraphManager - Extended Coverage[2m > [22mgetContext[2m > [22mshould respect depth parameter[90m 2[2mms[22m[31m[39m
2026-01-25T20:22:44.8238891Z [31m     → number 2 is not iterable (cannot read property Symbol(Symbol.iterator))[39m
2026-01-25T20:22:44.8241267Z [31m   [31m×[31m KnowledgeGraphManager - Extended Coverage[2m > [22mgetContext[2m > [22mshould expand context through multiple depth levels[90m 3[2mms[22m[31m[39m
2026-01-25T20:22:44.8243123Z [31m     → number 2 is not iterable (cannot read property Symbol(Symbol.iterator))[39m
2026-01-25T20:22:45.1227100Z [90mstderr[2m | __tests__/knowledge-graph.test.ts
2026-01-25T20:22:45.1233623Z [22m[39mAttempting to connect to Neo4j at neo4j://localhost:7687
2026-01-25T20:22:45.1237851Z 
2026-01-25T20:22:45.2599780Z  [32m✓[39m __tests__/save-memory-validation.test.ts [2m([22m[2m49 tests[22m[2m)[22m[90m 33[2mms[22m[39m
2026-01-25T20:22:45.4509971Z  [32m✓[39m __tests__/thread-isolation.test.ts [2m([22m[2m16 tests[22m[2m)[22m[90m 163[2mms[22m[39m
2026-01-25T20:22:45.5063354Z  [31m❯[39m __tests__/knowledge-graph.test.ts [2m([22m[2m33 tests[22m[2m | [22m[31m20 failed[39m[2m)[22m[90m 246[2mms[22m[39m
2026-01-25T20:22:45.5071734Z [31m   [31m×[31m KnowledgeGraphManager - Enhanced with Metadata[2m > [22mcreateEntities with metadata[2m > [22mshould create new entities with all metadata fields[90m 32[2mms[22m[31m[39m
2026-01-25T20:22:45.5076637Z [31m     → expected [] to have a length of 2 but got +0[39m
2026-01-25T20:22:45.5080579Z [31m   [31m×[31m KnowledgeGraphManager - Enhanced with Metadata[2m > [22mcreateEntities with metadata[2m > [22mshould not create duplicate entities[90m 9[2mms[22m[31m[39m
2026-01-25T20:22:45.5083348Z [31m     → expected [] to have a length of 1 but got +0[39m
2026-01-25T20:22:45.5107555Z [31m   [31m×[31m KnowledgeGraphManager - Enhanced with Metadata[2m > [22mcreateRelations with metadata[2m > [22mshould create new relations with all metadata fields[90m 4[2mms[22m[31m[39m
2026-01-25T20:22:45.5109576Z [31m     → expected [] to have a length of 1 but got +0[39m
2026-01-25T20:22:45.5128138Z [31m   [31m×[31m KnowledgeGraphManager - Enhanced with Metadata[2m > [22mcreateRelations with metadata[2m > [22mshould not create duplicate relations[90m 4[2mms[22m[31m[39m
2026-01-25T20:22:45.5129906Z [31m     → expected [] to have a length of 1 but got +0[39m
2026-01-25T20:22:45.5131924Z [31m   [31m×[31m KnowledgeGraphManager - Enhanced with Metadata[2m > [22mMulti-thread file storage[2m > [22mshould store entities from different threads in separate files[90m 4[2mms[22m[31m[39m
2026-01-25T20:22:45.5133521Z [31m     → expected [] to have a length of 2 but got +0[39m
2026-01-25T20:22:45.5135722Z [31m   [31m×[31m KnowledgeGraphManager - Enhanced with Metadata[2m > [22mMulti-thread file storage[2m > [22mshould store relations from different threads in separate files[90m 5[2mms[22m[31m[39m
2026-01-25T20:22:45.5137346Z [31m     → expected [] to have a length of 2 but got +0[39m
2026-01-25T20:22:45.5139591Z [31m   [31m×[31m KnowledgeGraphManager - Enhanced with Metadata[2m > [22maddObservations with metadata[2m > [22mshould add observations and update entity metadata[90m 5[2mms[22m[31m[39m
2026-01-25T20:22:45.5141178Z [31m     → Target cannot be null or undefined.[39m
2026-01-25T20:22:45.5142905Z [31m   [31m×[31m KnowledgeGraphManager - Enhanced with Metadata[2m > [22mdeleteEntities[2m > [22mshould delete entities and associated relations[90m 4[2mms[22m[31m[39m
2026-01-25T20:22:45.5144486Z [31m     → expected [] to have a length of 1 but got +0[39m
2026-01-25T20:22:45.5146610Z [31m   [31m×[31m KnowledgeGraphManager - Enhanced with Metadata[2m > [22msearchNodes[2m > [22mshould search entities by name, type, and observations[90m 3[2mms[22m[31m[39m
2026-01-25T20:22:45.5148262Z [31m     → expected [] to have a length of 1 but got +0[39m
2026-01-25T20:22:45.5150109Z [31m   [31m×[31m KnowledgeGraphManager - Enhanced with Metadata[2m > [22mopenNodes[2m > [22mshould retrieve specific entities by name[90m 3[2mms[22m[31m[39m
2026-01-25T20:22:45.5152049Z [31m     → expected [] to have a length of 1 but got +0[39m
2026-01-25T20:22:45.5153911Z [31m   [31m×[31m KnowledgeGraphManager - Enhanced with Metadata[2m > [22mqueryNodes with range filtering[2m > [22mshould filter by timestamp range[90m 4[2mms[22m[31m[39m
2026-01-25T20:22:45.5155441Z [31m     → expected [] to have a length of 1 but got +0[39m
2026-01-25T20:22:45.5157485Z [31m   [31m×[31m KnowledgeGraphManager - Enhanced with Metadata[2m > [22mqueryNodes with range filtering[2m > [22mshould filter by confidence range[90m 3[2mms[22m[31m[39m
2026-01-25T20:22:45.5158941Z [31m     → expected [] to have a length of 2 but got +0[39m
2026-01-25T20:22:45.5160727Z [31m   [31m×[31m KnowledgeGraphManager - Enhanced with Metadata[2m > [22mqueryNodes with range filtering[2m > [22mshould filter by importance range[90m 3[2mms[22m[31m[39m
2026-01-25T20:22:45.5162255Z [31m     → expected [] to have a length of 1 but got +0[39m
2026-01-25T20:22:45.5164191Z [31m   [31m×[31m KnowledgeGraphManager - Enhanced with Metadata[2m > [22mqueryNodes with range filtering[2m > [22mshould filter by multiple range criteria[90m 3[2mms[22m[31m[39m
2026-01-25T20:22:45.5166094Z [31m     → expected [] to have a length of 1 but got +0[39m
2026-01-25T20:22:45.5168196Z [31m   [31m×[31m KnowledgeGraphManager - Enhanced with Metadata[2m > [22mqueryNodes with range filtering[2m > [22mshould include relations when both entities pass filter[90m 4[2mms[22m[31m[39m
2026-01-25T20:22:45.5169946Z [31m     → expected [] to have a length of 2 but got +0[39m
2026-01-25T20:22:45.5171890Z [31m   [31m×[31m KnowledgeGraphManager - Enhanced with Metadata[2m > [22mqueryNodes with range filtering[2m > [22mshould return all data when no filters provided[90m 3[2mms[22m[31m[39m
2026-01-25T20:22:45.5173480Z [31m     → expected [] to have a length of 3 but got +0[39m
2026-01-25T20:22:45.5175824Z [31m   [31m×[31m KnowledgeGraphManager - Enhanced with Metadata[2m > [22mCross-thread operations[2m > [22mshould maintain single entity when observations added from different thread[90m 3[2mms[22m[31m[39m
2026-01-25T20:22:45.5177669Z [31m     → expected [] to have a length of 1 but got +0[39m
2026-01-25T20:22:45.5179579Z [31m   [31m×[31m KnowledgeGraphManager - Enhanced with Metadata[2m > [22mlistEntities[2m > [22mshould list all entities when no filters are provided[90m 21[2mms[22m[31m[39m
2026-01-25T20:22:45.5181097Z [31m     → expected [] to have a length of 4 but got +0[39m
2026-01-25T20:22:45.5182775Z [31m   [31m×[31m KnowledgeGraphManager - Enhanced with Metadata[2m > [22mlistEntities[2m > [22mshould filter by entityType[90m 6[2mms[22m[31m[39m
2026-01-25T20:22:45.5184225Z [31m     → expected [] to have a length of 3 but got +0[39m
2026-01-25T20:22:45.5186612Z [31m   [31m×[31m KnowledgeGraphManager - Enhanced with Metadata[2m > [22mlistEntities[2m > [22mshould filter by namePattern (case-insensitive)[90m 8[2mms[22m[31m[39m
2026-01-25T20:22:45.5188227Z [31m     → expected [] to have a length of 3 but got +0[39m
2026-01-25T20:22:45.8708106Z  [32m✓[39m __tests__/jsonl-storage-adapter-extended.test.ts [2m([22m[2m14 tests[22m[2m)[22m[90m 48[2mms[22m[39m
2026-01-25T20:22:46.0283893Z [90mstderr[2m | __tests__/analytics.test.ts[2m > [22m[2mAnalytics - getAnalytics[2m > [22m[2mshould identify entities with broken relations
2026-01-25T20:22:46.0298564Z [22m[39mSkipping relation BrokenRef -> NonExistent: one or both entities do not exist
2026-01-25T20:22:46.0299269Z 
2026-01-25T20:22:46.0311990Z [90mstdout[2m | __tests__/analytics.test.ts[2m > [22m[2mAnalytics - getAnalytics[2m > [22m[2mshould identify entities with broken relations
2026-01-25T20:22:46.0336514Z [22m[39mBrokenRef not in orphaned_entities: []
2026-01-25T20:22:46.0337400Z 
2026-01-25T20:22:46.0529904Z  [32m✓[39m __tests__/analytics.test.ts [2m([22m[2m8 tests[22m[2m)[22m[90m 53[2mms[22m[39m
2026-01-25T20:22:46.2812597Z  [31m❯[39m __tests__/observation-history.test.ts [2m([22m[2m8 tests[22m[2m | [22m[31m8 failed[39m[2m)[22m[90m 50[2mms[22m[39m
2026-01-25T20:22:46.2816035Z [31m   [31m×[31m Observation Versioning - getObservationHistory[2m > [22mshould throw error for non-existent entity[90m 27[2mms[22m[31m[39m
2026-01-25T20:22:46.2827068Z [31m     → expected [Function] to throw error including 'Entity \'NonExistent\' not found' but got 'Entity \'obs-123\' not found in threa…'[39m
2026-01-25T20:22:46.2829216Z [31m   [31m×[31m Observation Versioning - getObservationHistory[2m > [22mshould throw error for non-existent observation[90m 7[2mms[22m[31m[39m
2026-01-25T20:22:46.2831325Z [31m     → expected [Function] to throw error including 'Observation \'non-existent-obs\' not …' but got 'Entity \'non-existent-obs\' not found…'[39m
2026-01-25T20:22:46.2833397Z [31m   [31m×[31m Observation Versioning - getObservationHistory[2m > [22mshould handle observation with no version chain[90m 3[2mms[22m[31m[39m
2026-01-25T20:22:46.2834757Z [31m     → Entity 'obs-standalone' not found in thread 'TestEntity'[39m
2026-01-25T20:22:46.2836544Z [31m   [31m×[31m Observation Versioning - getObservationHistory[2m > [22mshould traverse version chain forwards (superseded_by)[90m 2[2mms[22m[31m[39m
2026-01-25T20:22:46.2837959Z [31m     → Entity 'obs-v1' not found in thread 'TestEntity'[39m
2026-01-25T20:22:46.2839602Z [31m   [31m×[31m Observation Versioning - getObservationHistory[2m > [22mshould traverse version chain backwards (supersedes)[90m 2[2mms[22m[31m[39m
2026-01-25T20:22:46.2840969Z [31m     → Entity 'obs-v3' not found in thread 'TestEntity'[39m
2026-01-25T20:22:46.2842425Z [31m   [31m×[31m Observation Versioning - getObservationHistory[2m > [22mshould handle mid-chain starting point[90m 2[2mms[22m[31m[39m
2026-01-25T20:22:46.2843695Z [31m     → Entity 'obs-v2' not found in thread 'TestEntity'[39m
2026-01-25T20:22:46.2845284Z [31m   [31m×[31m Observation Versioning - getObservationHistory[2m > [22mshould return observations in version chain order[90m 2[2mms[22m[31m[39m
2026-01-25T20:22:46.2846843Z [31m     → Entity 'obs-v1' not found in thread 'TestEntity'[39m
2026-01-25T20:22:46.2848422Z [31m   [31m×[31m Observation Versioning - getObservationHistory[2m > [22mshould include all observation fields in history[90m 2[2mms[22m[31m[39m
2026-01-25T20:22:46.2849784Z [31m     → Entity 'obs-full' not found in thread 'TestEntity'[39m
2026-01-25T20:22:46.7317300Z  [32m✓[39m __tests__/edge-cases-coverage.test.ts [2m([22m[2m7 tests[22m[2m)[22m[90m 59[2mms[22m[39m
2026-01-25T20:22:46.8348774Z [90mstderr[2m | __tests__/validate-memory.test.ts
2026-01-25T20:22:46.8354042Z [22m[39mAttempting to connect to Neo4j at neo4j://localhost:7687
2026-01-25T20:22:46.8378339Z 
2026-01-25T20:22:47.0282497Z  [32m✓[39m __tests__/validate-memory.test.ts [2m([22m[2m9 tests[22m[2m)[22m[90m 90[2mms[22m[39m
2026-01-25T20:22:47.1100126Z [90mstdout[2m | __tests__/neo4j-e2e.test.ts[2m > [22m[2mNeo4j Storage Adapter E2E
2026-01-25T20:22:47.1101312Z [22m[39mNeo4j connection successful
2026-01-25T20:22:47.1101694Z 
2026-01-25T20:22:47.1769689Z  [31m❯[39m __tests__/update-observation.test.ts [2m([22m[2m8 tests[22m[2m | [22m[31m3 failed[39m[2m)[22m[90m 44[2mms[22m[39m
2026-01-25T20:22:47.1773449Z [31m   [31m×[31m updateObservation[2m > [22mshould update an observation and create a new version[90m 18[2mms[22m[31m[39m
2026-01-25T20:22:47.1774668Z [31m     → expected undefined to be defined[39m
2026-01-25T20:22:47.1776247Z [31m   [31m×[31m updateObservation[2m > [22mshould create a valid version chain[90m 4[2mms[22m[31m[39m
2026-01-25T20:22:47.1777528Z [31m     → Cannot read properties of undefined (reading 'observations')[39m
2026-01-25T20:22:47.1778798Z [31m   [31m×[31m updateObservation[2m > [22mshould update entity timestamp[90m 3[2mms[22m[31m[39m
2026-01-25T20:22:47.1780023Z [31m     → Cannot read properties of undefined (reading 'timestamp')[39m
2026-01-25T20:22:47.9181267Z [90mstderr[2m | __tests__/storage-abstraction.test.ts
2026-01-25T20:22:47.9183071Z [22m[39mAttempting to connect to Neo4j at neo4j://localhost:7687
2026-01-25T20:22:47.9203898Z 
2026-01-25T20:22:48.0659205Z  [31m❯[39m __tests__/storage-abstraction.test.ts [2m([22m[2m6 tests[22m[2m | [22m[31m4 failed[39m[2m)[22m[90m 88[2mms[22m[39m
2026-01-25T20:22:48.0663061Z [31m   [31m×[31m Storage Abstraction[2m > [22mJSONL storage adapter (default)[2m > [22mshould create and read entities using JSONL storage[90m 51[2mms[22m[31m[39m
2026-01-25T20:22:48.0691345Z [31m     → expected [] to have a length of 1 but got +0[39m
2026-01-25T20:22:48.0693039Z [31m   [31m×[31m Storage Abstraction[2m > [22mIn-memory storage adapter (custom)[2m > [22mshould create and read entities[90m 2[2mms[22m[31m[39m
2026-01-25T20:22:48.0694435Z [31m     → expected [] to have a length of 1 but got +0[39m
2026-01-25T20:22:48.0696150Z [31m   [31m×[31m Storage Abstraction[2m > [22mIn-memory storage adapter (custom)[2m > [22mshould create entities and relations[90m 2[2mms[22m[31m[39m
2026-01-25T20:22:48.0697495Z [31m     → expected [] to have a length of 2 but got +0[39m
2026-01-25T20:22:48.0699083Z [31m   [31m×[31m Storage Abstraction[2m > [22mIn-memory storage adapter (custom)[2m > [22mshould handle multiple sequential operations[90m 1[2mms[22m[31m[39m
2026-01-25T20:22:48.0700395Z [31m     → expected [] to have a length of 1 but got +0[39m
2026-01-25T20:22:48.1272575Z [90mstderr[2m | __tests__/index.test.ts[2m > [22m[2mServer Initialization - index.ts[2m > [22m[2mensureMemoryDirectory[2m > [22m[2mshould use default directory when MEMORY_DIR_PATH is not set
2026-01-25T20:22:48.1291257Z [22m[39mAttempting to connect to Neo4j at neo4j://localhost:7687
2026-01-25T20:22:48.1295810Z 
2026-01-25T20:22:48.1607973Z  [32m✓[39m __tests__/index.test.ts [2m([22m[2m8 tests[22m[2m)[22m[90m 45[2mms[22m[39m
2026-01-25T20:22:48.6177947Z  [32m✓[39m __tests__/relation-inverter.test.ts [2m([22m[2m7 tests[22m[2m)[22m[90m 7[2mms[22m[39m
2026-01-25T20:22:48.8248995Z  [32m✓[39m __tests__/neo4j-storage-adapter.test.ts [2m([22m[2m6 tests[22m[2m)[22m[90m 62[2mms[22m[39m
2026-01-25T20:22:50.5004031Z  [31m❯[39m __tests__/neo4j-e2e.test.ts [2m([22m[2m11 tests[22m[2m | [22m[31m9 failed[39m[2m)[22m[33m 4177[2mms[22m[39m
2026-01-25T20:22:50.5006382Z    [33m[2m✓[22m[39m Neo4j Storage Adapter E2E[2m > [22mConnection and Initialization[2m > [22mshould skip tests if Neo4j is not available [33m826[2mms[22m[39m
2026-01-25T20:22:50.5008657Z [31m   [31m×[31m Neo4j Storage Adapter E2E[2m > [22mEntity CRUD Operations[2m > [22mshould create and read entities[33m 1076[2mms[22m[31m[39m
2026-01-25T20:22:50.5010054Z [31m     → expected [] to have a length of 1 but got +0[39m
2026-01-25T20:22:50.5011860Z [31m   [31m×[31m Neo4j Storage Adapter E2E[2m > [22mEntity CRUD Operations[2m > [22mshould handle observations correctly[90m 116[2mms[22m[31m[39m
2026-01-25T20:22:50.5012785Z [31m     → expected [] to have a length of 1 but got +0[39m
2026-01-25T20:22:50.5013778Z [31m   [31m×[31m Neo4j Storage Adapter E2E[2m > [22mEntity CRUD Operations[2m > [22mshould delete entities and cascade relations[33m 417[2mms[22m[31m[39m
2026-01-25T20:22:50.5014616Z [31m     → expected [] to have a length of 1 but got +0[39m
2026-01-25T20:22:50.5015810Z [31m   [31m×[31m Neo4j Storage Adapter E2E[2m > [22mRelation CRUD Operations[2m > [22mshould create and read relations[90m 134[2mms[22m[31m[39m
2026-01-25T20:22:50.5016653Z [31m     → expected [] to have a length of 2 but got +0[39m
2026-01-25T20:22:50.5017589Z [31m   [31m×[31m Neo4j Storage Adapter E2E[2m > [22mData Persistence[2m > [22mshould persist data across multiple operations[90m 64[2mms[22m[31m[39m
2026-01-25T20:22:50.5018422Z [31m     → expected [] to have a length of 1 but got +0[39m
2026-01-25T20:22:50.5019391Z [31m   [31m×[31m Neo4j Storage Adapter E2E[2m > [22mPerformance and Scalability[2m > [22mshould handle large graphs efficiently[90m 213[2mms[22m[31m[39m
2026-01-25T20:22:50.5041407Z [31m     → expected [] to have a length of 50 but got +0[39m
2026-01-25T20:22:50.5043177Z [31m   [31m×[31m Neo4j Storage Adapter E2E[2m > [22mPerformance and Scalability[2m > [22mshould handle concurrent operations[90m 207[2mms[22m[31m[39m
2026-01-25T20:22:50.5044647Z [31m     → expected 0 to be greater than or equal to 10[39m
2026-01-25T20:22:50.5046386Z [31m   [31m×[31m Neo4j Storage Adapter E2E[2m > [22mSearch Operations[2m > [22mshould search nodes by query[90m 78[2mms[22m[31m[39m
2026-01-25T20:22:50.5047680Z [31m     → expected 0 to be greater than 0[39m
2026-01-25T20:22:50.5049332Z [31m   [31m×[31m Neo4j Storage Adapter E2E[2m > [22mIntegration with save_memory[2m > [22mshould support save_memory operations[90m 201[2mms[22m[31m[39m
2026-01-25T20:22:50.5050834Z [31m     → expected [] to have a length of 2 but got +0[39m
2026-01-25T20:22:50.7410217Z 
2026-01-25T20:22:50.7419964Z [31m⎯⎯⎯⎯⎯⎯[1m[7m Failed Tests 59 [27m[22m⎯⎯⎯⎯⎯⎯⎯[39m
2026-01-25T20:22:50.7426274Z 
2026-01-25T20:22:50.7428618Z [31m[1m[7m FAIL [27m[22m[39m __tests__/knowledge-graph-manager-extended.test.ts[2m > [22mKnowledgeGraphManager - Extended Coverage[2m > [22mgetMemoryStats[2m > [22mshould return correct stats for populated graph
2026-01-25T20:22:50.7444220Z [31m[1mAssertionError[22m: expected +0 to be 2 // Object.is equality[39m
2026-01-25T20:22:50.7444721Z 
2026-01-25T20:22:50.7444878Z [32m- Expected[39m
2026-01-25T20:22:50.7445289Z [31m+ Received[39m
2026-01-25T20:22:50.7445677Z 
2026-01-25T20:22:50.7445850Z [32m- 2[39m
2026-01-25T20:22:50.7446180Z [31m+ 0[39m
2026-01-25T20:22:50.7446358Z 
2026-01-25T20:22:50.7446856Z [36m [2m❯[22m __tests__/knowledge-graph-manager-extended.test.ts:[2m88:33[22m[39m
2026-01-25T20:22:50.7653216Z     [90m 86| [39m
2026-01-25T20:22:50.7653802Z     [90m 87| [39m      [90m// Assert[39m
2026-01-25T20:22:50.7654893Z     [90m 88| [39m      [34mexpect[39m(stats[33m.[39mentityCount)[33m.[39m[34mtoBe[39m([34m2[39m)[33m;[39m
2026-01-25T20:22:50.7656107Z     [90m   | [39m                                [31m^[39m
2026-01-25T20:22:50.7657233Z     [90m 89| [39m      [34mexpect[39m(stats[33m.[39mrelationCount)[33m.[39m[34mtoBe[39m([34m1[39m)[33m;[39m
2026-01-25T20:22:50.7658865Z     [90m 90| [39m      [34mexpect[39m(stats[33m.[39mentityTypes[[32m'Person'[39m])[33m.[39m[34mtoBe[39m([34m2[39m)[33m;[39m
2026-01-25T20:22:50.7659609Z 
2026-01-25T20:22:50.7660051Z [31m[2m⎯⎯⎯⎯⎯⎯⎯⎯⎯⎯⎯⎯⎯⎯⎯⎯⎯⎯⎯⎯⎯⎯⎯[1/59]⎯[22m[39m
2026-01-25T20:22:50.7660394Z 
2026-01-25T20:22:50.7663000Z [31m[1m[7m FAIL [27m[22m[39m __tests__/knowledge-graph-manager-extended.test.ts[2m > [22mKnowledgeGraphManager - Extended Coverage[2m > [22mgetRecentChanges[2m > [22mshould include relations with recent timestamps
2026-01-25T20:22:50.7664963Z [31m[1mAssertionError[22m: expected 0 to be greater than 0[39m
2026-01-25T20:22:50.7666431Z [36m [2m❯[22m __tests__/knowledge-graph-manager-extended.test.ts:[2m176:39[22m[39m
2026-01-25T20:22:50.7668879Z     [90m174| [39m
2026-01-25T20:22:50.7669438Z     [90m175| [39m      [90m// Assert[39m
2026-01-25T20:22:50.7670695Z     [90m176| [39m      [34mexpect[39m(changes[33m.[39mentities[33m.[39mlength)[33m.[39m[34mtoBeGreaterThan[39m([34m0[39m)[33m;[39m
2026-01-25T20:22:50.7671950Z     [90m   | [39m                                      [31m^[39m
2026-01-25T20:22:50.7673297Z     [90m177| [39m      [34mexpect[39m(changes[33m.[39mrelations[33m.[39mlength)[33m.[39m[34mtoBeGreaterThan[39m([34m0[39m)[33m;[39m
2026-01-25T20:22:50.7674353Z     [90m178| [39m    })[33m;[39m
2026-01-25T20:22:50.7674641Z 
2026-01-25T20:22:50.7675035Z [31m[2m⎯⎯⎯⎯⎯⎯⎯⎯⎯⎯⎯⎯⎯⎯⎯⎯⎯⎯⎯⎯⎯⎯⎯[2/59]⎯[22m[39m
2026-01-25T20:22:50.7675383Z 
2026-01-25T20:22:50.7677428Z [31m[1m[7m FAIL [27m[22m[39m __tests__/knowledge-graph-manager-extended.test.ts[2m > [22mKnowledgeGraphManager - Extended Coverage[2m > [22mfindRelationPath[2m > [22mshould find direct path between connected entities
2026-01-25T20:22:50.7679742Z [31m[1mAssertionError[22m: expected false to be true // Object.is equality[39m
2026-01-25T20:22:50.7680279Z 
2026-01-25T20:22:50.7680501Z [32m- Expected[39m
2026-01-25T20:22:50.7680909Z [31m+ Received[39m
2026-01-25T20:22:50.7681124Z 
2026-01-25T20:22:50.7681301Z [32m- true[39m
2026-01-25T20:22:50.7681682Z [31m+ false[39m
2026-01-25T20:22:50.7681869Z 
2026-01-25T20:22:50.7682593Z [36m [2m❯[22m __tests__/knowledge-graph-manager-extended.test.ts:[2m270:28[22m[39m
2026-01-25T20:22:50.7687681Z     [90m268| [39m      [35mconst[39m result [33m=[39m [35mawait[39m manager[33m.[39m[34mfindRelationPath[39m([32m'Start'[39m[33m,[39m [32m'End'[39m)[33m;[39m
2026-01-25T20:22:50.7688831Z     [90m269| [39m
2026-01-25T20:22:50.7689450Z     [90m270| [39m      [34mexpect[39m(result[33m.[39mfound)[33m.[39m[34mtoBe[39m([35mtrue[39m)[33m;[39m
2026-01-25T20:22:50.7690067Z     [90m   | [39m                           [31m^[39m
2026-01-25T20:22:50.7690744Z     [90m271| [39m      [34mexpect[39m(result[33m.[39mpath)[33m.[39m[34mtoContain[39m([32m'Start'[39m)[33m;[39m
2026-01-25T20:22:50.7691930Z     [90m272| [39m      [34mexpect[39m(result[33m.[39mpath)[33m.[39m[34mtoContain[39m([32m'End'[39m)[33m;[39m
2026-01-25T20:22:50.7692584Z 
2026-01-25T20:22:50.7692990Z [31m[2m⎯⎯⎯⎯⎯⎯⎯⎯⎯⎯⎯⎯⎯⎯⎯⎯⎯⎯⎯⎯⎯⎯⎯[3/59]⎯[22m[39m
2026-01-25T20:22:50.7693314Z 
2026-01-25T20:22:50.7695053Z [31m[1m[7m FAIL [27m[22m[39m __tests__/knowledge-graph-manager-extended.test.ts[2m > [22mKnowledgeGraphManager - Extended Coverage[2m > [22mpruneMemory[2m > [22mshould respect keepMinEntities parameter
2026-01-25T20:22:50.7696378Z [31m[1mAssertionError[22m: expected +0 to be 2 // Object.is equality[39m
2026-01-25T20:22:50.7696687Z 
2026-01-25T20:22:50.7696818Z [32m- Expected[39m
2026-01-25T20:22:50.7697063Z [31m+ Received[39m
2026-01-25T20:22:50.7697187Z 
2026-01-25T20:22:50.7697291Z [32m- 2[39m
2026-01-25T20:22:50.7697487Z [31m+ 0[39m
2026-01-25T20:22:50.7697584Z 
2026-01-25T20:22:50.7697994Z [36m [2m❯[22m __tests__/knowledge-graph-manager-extended.test.ts:[2m505:37[22m[39m
2026-01-25T20:22:50.7713293Z     [90m503| [39m      [90m// Since we have 2 entities above threshold and keepMinEntities=[39m…
2026-01-25T20:22:50.7714200Z     [90m504| [39m      [35mconst[39m graph [33m=[39m [35mawait[39m manager[33m.[39m[34mreadGraph[39m()[33m;[39m
2026-01-25T20:22:50.7715302Z     [90m505| [39m      [34mexpect[39m(graph[33m.[39mentities[33m.[39mlength)[33m.[39m[34mtoBe[39m([34m2[39m)[33m;[39m
2026-01-25T20:22:50.7716415Z     [90m   | [39m                                    [31m^[39m
2026-01-25T20:22:50.7717343Z     [90m506| [39m      [34mexpect[39m(result[33m.[39mremovedEntities)[33m.[39m[34mtoBe[39m([34m0[39m)[33m;[39m
2026-01-25T20:22:50.7717919Z     [90m507| [39m    })[33m;[39m
2026-01-25T20:22:50.7718105Z 
2026-01-25T20:22:50.7718337Z [31m[2m⎯⎯⎯⎯⎯⎯⎯⎯⎯⎯⎯⎯⎯⎯⎯⎯⎯⎯⎯⎯⎯⎯⎯[4/59]⎯[22m[39m
2026-01-25T20:22:50.7718543Z 
2026-01-25T20:22:50.7719541Z [31m[1m[7m FAIL [27m[22m[39m __tests__/knowledge-graph-manager-extended.test.ts[2m > [22mKnowledgeGraphManager - Extended Coverage[2m > [22mbulkUpdate[2m > [22mshould update multiple entities at once
2026-01-25T20:22:50.7720670Z [31m[1mAssertionError[22m: expected undefined to be 0.9 // Object.is equality[39m
2026-01-25T20:22:50.7721000Z 
2026-01-25T20:22:50.7721132Z [32m- Expected:[39m 
2026-01-25T20:22:50.7721338Z 0.9
2026-01-25T20:22:50.7721427Z 
2026-01-25T20:22:50.7721542Z [31m+ Received:[39m 
2026-01-25T20:22:50.7721747Z undefined
2026-01-25T20:22:50.7721844Z 
2026-01-25T20:22:50.7722568Z [36m [2m❯[22m __tests__/knowledge-graph-manager-extended.test.ts:[2m557:35[22m[39m
2026-01-25T20:22:50.7723943Z     [90m555| [39m      [35mconst[39m entity2 [33m=[39m graph[33m.[39mentities[33m.[39m[34mfind[39m(e [33m=>[39m e[33m.[39mname [33m===[39m [32m'Entity2'[39m)[33m;[39m
2026-01-25T20:22:50.7725167Z     [90m556| [39m
2026-01-25T20:22:50.7726232Z     [90m557| [39m      [34mexpect[39m(entity1[33m?.[39mconfidence)[33m.[39m[34mtoBe[39m([34m0.9[39m)[33m;[39m
2026-01-25T20:22:50.7726874Z     [90m   | [39m                                  [31m^[39m
2026-01-25T20:22:50.7727550Z     [90m558| [39m      [34mexpect[39m(entity2[33m?.[39mimportance)[33m.[39m[34mtoBe[39m([34m0.9[39m)[33m;[39m
2026-01-25T20:22:50.7728240Z     [90m559| [39m    })[33m;[39m
2026-01-25T20:22:50.7728449Z 
2026-01-25T20:22:50.7728678Z [31m[2m⎯⎯⎯⎯⎯⎯⎯⎯⎯⎯⎯⎯⎯⎯⎯⎯⎯⎯⎯⎯⎯⎯⎯[5/59]⎯[22m[39m
2026-01-25T20:22:50.7728879Z 
2026-01-25T20:22:50.7729911Z [31m[1m[7m FAIL [27m[22m[39m __tests__/knowledge-graph-manager-extended.test.ts[2m > [22mKnowledgeGraphManager - Extended Coverage[2m > [22mbulkUpdate[2m > [22mshould add observations during bulk update
2026-01-25T20:22:50.7731096Z [31m[1mTypeError[22m: actual value must be number or bigint, received "undefined"[39m
2026-01-25T20:22:50.7731848Z [36m [2m❯[22m __tests__/knowledge-graph-manager-extended.test.ts:[2m600:43[22m[39m
2026-01-25T20:22:50.7733555Z     [90m598| [39m      [35mconst[39m graph [33m=[39m [35mawait[39m manager[33m.[39m[34mreadGraph[39m()[33m;[39m
2026-01-25T20:22:50.7734703Z     [90m599| [39m      [35mconst[39m entity [33m=[39m graph[33m.[39mentities[33m.[39m[34mfind[39m(e [33m=>[39m e[33m.[39mname [33m===[39m [32m'Entity1'[39m)[33m;[39m
2026-01-25T20:22:50.7736481Z     [90m600| [39m      [34mexpect[39m(entity[33m?.[39mobservations[33m.[39mlength)[33m.[39m[34mtoBeGreaterThan[39m([34m1[39m)[33m;[39m
2026-01-25T20:22:50.7737222Z     [90m   | [39m                                          [31m^[39m
2026-01-25T20:22:50.7737604Z     [90m601| [39m    })[33m;[39m
2026-01-25T20:22:50.7737902Z     [90m602| [39m  })[33m;[39m
2026-01-25T20:22:50.7738077Z 
2026-01-25T20:22:50.7738300Z [31m[2m⎯⎯⎯⎯⎯⎯⎯⎯⎯⎯⎯⎯⎯⎯⎯⎯⎯⎯⎯⎯⎯⎯⎯[6/59]⎯[22m[39m
2026-01-25T20:22:50.7738497Z 
2026-01-25T20:22:50.7739451Z [31m[1m[7m FAIL [27m[22m[39m __tests__/knowledge-graph-manager-extended.test.ts[2m > [22mKnowledgeGraphManager - Extended Coverage[2m > [22mflagForReview[2m > [22mshould flag entity for review
2026-01-25T20:22:50.7740466Z [31m[1mAssertionError[22m: expected 0 to be greater than 0[39m
2026-01-25T20:22:50.7741122Z [36m [2m❯[22m __tests__/knowledge-graph-manager-extended.test.ts:[2m627:38[22m[39m
2026-01-25T20:22:50.7742465Z     [90m625| [39m
2026-01-25T20:22:50.7743641Z     [90m626| [39m      [35mconst[39m flaggedEntities [33m=[39m [35mawait[39m manager[33m.[39m[34mgetFlaggedEntities[39m()[33m;[39m
2026-01-25T20:22:50.7745685Z     [90m627| [39m      [34mexpect[39m(flaggedEntities[33m.[39mlength)[33m.[39m[34mtoBeGreaterThan[39m([34m0[39m)[33m;[39m
2026-01-25T20:22:50.7746844Z     [90m   | [39m                                     [31m^[39m
2026-01-25T20:22:50.7748143Z     [90m628| [39m      [34mexpect[39m(flaggedEntities[[34m0[39m][33m.[39mname)[33m.[39m[34mtoBe[39m([32m'FlaggedEntity'[39m)[33m;[39m
2026-01-25T20:22:50.7749154Z     [90m629| [39m    })[33m;[39m
2026-01-25T20:22:50.7749417Z 
2026-01-25T20:22:50.7749774Z [31m[2m⎯⎯⎯⎯⎯⎯⎯⎯⎯⎯⎯⎯⎯⎯⎯⎯⎯⎯⎯⎯⎯⎯⎯[7/59]⎯[22m[39m
2026-01-25T20:22:50.7749973Z 
2026-01-25T20:22:50.7750988Z [31m[1m[7m FAIL [27m[22m[39m __tests__/knowledge-graph-manager-extended.test.ts[2m > [22mKnowledgeGraphManager - Extended Coverage[2m > [22mflagForReview[2m > [22mshould include reviewer when provided
2026-01-25T20:22:50.7752028Z [31m[1mAssertionError[22m: expected 0 to be greater than 0[39m
2026-01-25T20:22:50.7752680Z [36m [2m❯[22m __tests__/knowledge-graph-manager-extended.test.ts:[2m653:38[22m[39m
2026-01-25T20:22:50.7755666Z     [90m651| [39m
2026-01-25T20:22:50.7756843Z     [90m652| [39m      [35mconst[39m flaggedEntities [33m=[39m [35mawait[39m manager[33m.[39m[34mgetFlaggedEntities[39m()[33m;[39m
2026-01-25T20:22:50.7758254Z     [90m653| [39m      [34mexpect[39m(flaggedEntities[33m.[39mlength)[33m.[39m[34mtoBeGreaterThan[39m([34m0[39m)[33m;[39m
2026-01-25T20:22:50.7759044Z     [90m   | [39m                                     [31m^[39m
2026-01-25T20:22:50.7759680Z     [90m654| [39m    })[33m;[39m
2026-01-25T20:22:50.7760043Z     [90m655| [39m
2026-01-25T20:22:50.7760179Z 
2026-01-25T20:22:50.7760407Z [31m[2m⎯⎯⎯⎯⎯⎯⎯⎯⎯⎯⎯⎯⎯⎯⎯⎯⎯⎯⎯⎯⎯⎯⎯[8/59]⎯[22m[39m
2026-01-25T20:22:50.7760618Z 
2026-01-25T20:22:50.7761721Z [31m[1m[7m FAIL [27m[22m[39m __tests__/knowledge-graph-manager-extended.test.ts[2m > [22mKnowledgeGraphManager - Extended Coverage[2m > [22mgetContext[2m > [22mshould retrieve entities and relations within specified depth
2026-01-25T20:22:50.7763021Z [31m[1mTypeError[22m: number 1 is not iterable (cannot read property Symbol(Symbol.iterator))[39m
2026-01-25T20:22:50.7763798Z [36m [2m❯[22m Module.getContext lib/analysis/context-builder.ts:[2m20:30[22m[39m
2026-01-25T20:22:50.7771072Z     [90m 18| [39m)[33m:[39m [33mPromise[39m[33m<[39m[33mKnowledgeGraph[39m[33m>[39m {
2026-01-25T20:22:50.7771911Z     [90m 19| [39m  [35mconst[39m graph [33m=[39m [35mawait[39m storage[33m.[39m[34mloadGraph[39m()[33m;[39m
2026-01-25T20:22:50.7773173Z     [90m 20| [39m  [35mconst[39m contextEntityNames [33m=[39m [35mnew[39m [33mSet[39m[33m<[39mstring[33m>[39m(entityNames)[33m;[39m
2026-01-25T20:22:50.7773874Z     [90m   | [39m                             [31m^[39m
2026-01-25T20:22:50.7774192Z     [90m 21| [39m  
2026-01-25T20:22:50.7774829Z     [90m 22| [39m  [90m// Expand to include related entities up to specified depth - only w[39m…
2026-01-25T20:22:50.7776093Z [90m [2m❯[22m __tests__/knowledge-graph-manager-extended.test.ts:[2m760:23[22m[39m
2026-01-25T20:22:50.7776457Z 
2026-01-25T20:22:50.7776691Z [31m[2m⎯⎯⎯⎯⎯⎯⎯⎯⎯⎯⎯⎯⎯⎯⎯⎯⎯⎯⎯⎯⎯⎯⎯[9/59]⎯[22m[39m
2026-01-25T20:22:50.7776897Z 
2026-01-25T20:22:50.7777844Z [31m[1m[7m FAIL [27m[22m[39m __tests__/knowledge-graph-manager-extended.test.ts[2m > [22mKnowledgeGraphManager - Extended Coverage[2m > [22mgetContext[2m > [22mshould respect depth parameter
2026-01-25T20:22:50.7779418Z [31m[1mTypeError[22m: number 2 is not iterable (cannot read property Symbol(Symbol.iterator))[39m
2026-01-25T20:22:50.7780206Z [36m [2m❯[22m Module.getContext lib/analysis/context-builder.ts:[2m20:30[22m[39m
2026-01-25T20:22:50.7781778Z     [90m 18| [39m)[33m:[39m [33mPromise[39m[33m<[39m[33mKnowledgeGraph[39m[33m>[39m {
2026-01-25T20:22:50.7782957Z     [90m 19| [39m  [35mconst[39m graph [33m=[39m [35mawait[39m storage[33m.[39m[34mloadGraph[39m()[33m;[39m
2026-01-25T20:22:50.7784407Z     [90m 20| [39m  [35mconst[39m contextEntityNames [33m=[39m [35mnew[39m [33mSet[39m[33m<[39mstring[33m>[39m(entityNames)[33m;[39m
2026-01-25T20:22:50.7785220Z     [90m   | [39m                             [31m^[39m
2026-01-25T20:22:50.7785690Z     [90m 21| [39m  
2026-01-25T20:22:50.7786204Z     [90m 22| [39m  [90m// Expand to include related entities up to specified depth - only w[39m…
2026-01-25T20:22:50.7786973Z [90m [2m❯[22m __tests__/knowledge-graph-manager-extended.test.ts:[2m785:23[22m[39m
2026-01-25T20:22:50.7787325Z 
2026-01-25T20:22:50.7787548Z [31m[2m⎯⎯⎯⎯⎯⎯⎯⎯⎯⎯⎯⎯⎯⎯⎯⎯⎯⎯⎯⎯⎯⎯[10/59]⎯[22m[39m
2026-01-25T20:22:50.7787751Z 
2026-01-25T20:22:50.7788802Z [31m[1m[7m FAIL [27m[22m[39m __tests__/knowledge-graph-manager-extended.test.ts[2m > [22mKnowledgeGraphManager - Extended Coverage[2m > [22mgetContext[2m > [22mshould expand context through multiple depth levels
2026-01-25T20:22:50.7790288Z [31m[1mTypeError[22m: number 2 is not iterable (cannot read property Symbol(Symbol.iterator))[39m
2026-01-25T20:22:50.7791460Z [36m [2m❯[22m Module.getContext lib/analysis/context-builder.ts:[2m20:30[22m[39m
2026-01-25T20:22:50.7792326Z     [90m 18| [39m)[33m:[39m [33mPromise[39m[33m<[39m[33mKnowledgeGraph[39m[33m>[39m {
2026-01-25T20:22:50.7793432Z     [90m 19| [39m  [35mconst[39m graph [33m=[39m [35mawait[39m storage[33m.[39m[34mloadGraph[39m()[33m;[39m
2026-01-25T20:22:50.7794483Z     [90m 20| [39m  [35mconst[39m contextEntityNames [33m=[39m [35mnew[39m [33mSet[39m[33m<[39mstring[33m>[39m(entityNames)[33m;[39m
2026-01-25T20:22:50.7795144Z     [90m   | [39m                             [31m^[39m
2026-01-25T20:22:50.7795452Z     [90m 21| [39m  
2026-01-25T20:22:50.7796092Z     [90m 22| [39m  [90m// Expand to include related entities up to specified depth - only w[39m…
2026-01-25T20:22:50.7796834Z [90m [2m❯[22m __tests__/knowledge-graph-manager-extended.test.ts:[2m842:23[22m[39m
2026-01-25T20:22:50.7797168Z 
2026-01-25T20:22:50.7797393Z [31m[2m⎯⎯⎯⎯⎯⎯⎯⎯⎯⎯⎯⎯⎯⎯⎯⎯⎯⎯⎯⎯⎯⎯[11/59]⎯[22m[39m
2026-01-25T20:22:50.7797595Z 
2026-01-25T20:22:50.7798649Z [31m[1m[7m FAIL [27m[22m[39m __tests__/knowledge-graph.test.ts[2m > [22mKnowledgeGraphManager - Enhanced with Metadata[2m > [22mcreateEntities with metadata[2m > [22mshould create new entities with all metadata fields
2026-01-25T20:22:50.7799799Z [31m[1mAssertionError[22m: expected [] to have a length of 2 but got +0[39m
2026-01-25T20:22:50.7800109Z 
2026-01-25T20:22:50.7800224Z [32m- Expected[39m
2026-01-25T20:22:50.7800459Z [31m+ Received[39m
2026-01-25T20:22:50.7800578Z 
2026-01-25T20:22:50.7800679Z [32m- 2[39m
2026-01-25T20:22:50.7800866Z [31m+ 0[39m
2026-01-25T20:22:50.7800968Z 
2026-01-25T20:22:50.7801263Z [36m [2m❯[22m __tests__/knowledge-graph.test.ts:[2m60:30[22m[39m
2026-01-25T20:22:50.7851747Z     [90m 58| [39m
2026-01-25T20:22:50.7853143Z     [90m 59| [39m      [35mconst[39m graph [33m=[39m [35mawait[39m manager[33m.[39m[34mreadGraph[39m()[33m;[39m
2026-01-25T20:22:50.7854735Z     [90m 60| [39m      [34mexpect[39m(graph[33m.[39mentities)[33m.[39m[34mtoHaveLength[39m([34m2[39m)[33m;[39m
2026-01-25T20:22:50.7855959Z     [90m   | [39m                             [31m^[39m
2026-01-25T20:22:50.7857352Z     [90m 61| [39m      [34mexpect[39m(graph[33m.[39mentities[[34m0[39m][33m.[39magentThreadId)[33m.[39m[34mtoBe[39m([32m'thread-001'[39m)[33m;[39m
2026-01-25T20:22:50.7859336Z     [90m 62| [39m      [34mexpect[39m(graph[33m.[39mentities[[34m0[39m][33m.[39mtimestamp)[33m.[39m[34mtoBe[39m([32m'2024-01-20T10:00:00Z'[39m)[33m;[39m
2026-01-25T20:22:50.7860233Z 
2026-01-25T20:22:50.7860684Z [31m[2m⎯⎯⎯⎯⎯⎯⎯⎯⎯⎯⎯⎯⎯⎯⎯⎯⎯⎯⎯⎯⎯⎯[12/59]⎯[22m[39m
2026-01-25T20:22:50.7861033Z 
2026-01-25T20:22:50.7862853Z [31m[1m[7m FAIL [27m[22m[39m __tests__/knowledge-graph.test.ts[2m > [22mKnowledgeGraphManager - Enhanced with Metadata[2m > [22mcreateEntities with metadata[2m > [22mshould not create duplicate entities
2026-01-25T20:22:50.7865147Z [31m[1mAssertionError[22m: expected [] to have a length of 1 but got +0[39m
2026-01-25T20:22:50.7865893Z 
2026-01-25T20:22:50.7866145Z [32m- Expected[39m
2026-01-25T20:22:50.7866648Z [31m+ Received[39m
2026-01-25T20:22:50.7866852Z 
2026-01-25T20:22:50.7867009Z [32m- 1[39m
2026-01-25T20:22:50.7867339Z [31m+ 0[39m
2026-01-25T20:22:50.7867502Z 
2026-01-25T20:22:50.7868038Z [36m [2m❯[22m __tests__/knowledge-graph.test.ts:[2m85:30[22m[39m
2026-01-25T20:22:50.7868653Z     [90m 83| [39m
2026-01-25T20:22:50.7869623Z     [90m 84| [39m      [35mconst[39m graph [33m=[39m [35mawait[39m manager[33m.[39m[34mreadGraph[39m()[33m;[39m
2026-01-25T20:22:50.7871114Z     [90m 85| [39m      [34mexpect[39m(graph[33m.[39mentities)[33m.[39m[34mtoHaveLength[39m([34m1[39m)[33m;[39m
2026-01-25T20:22:50.7872150Z     [90m   | [39m                             [31m^[39m
2026-01-25T20:22:50.7872754Z     [90m 86| [39m    })[33m;[39m
2026-01-25T20:22:50.7873202Z     [90m 87| [39m
2026-01-25T20:22:50.7873396Z 
2026-01-25T20:22:50.7873806Z [31m[2m⎯⎯⎯⎯⎯⎯⎯⎯⎯⎯⎯⎯⎯⎯⎯⎯⎯⎯⎯⎯⎯⎯[13/59]⎯[22m[39m
2026-01-25T20:22:50.7874396Z 
2026-01-25T20:22:50.7876529Z [31m[1m[7m FAIL [27m[22m[39m __tests__/knowledge-graph.test.ts[2m > [22mKnowledgeGraphManager - Enhanced with Metadata[2m > [22mcreateRelations with metadata[2m > [22mshould create new relations with all metadata fields
2026-01-25T20:22:50.7878624Z [31m[1mAssertionError[22m: expected [] to have a length of 1 but got +0[39m
2026-01-25T20:22:50.7879176Z 
2026-01-25T20:22:50.7879440Z [32m- Expected[39m
2026-01-25T20:22:50.7879997Z [31m+ Received[39m
2026-01-25T20:22:50.7880224Z 
2026-01-25T20:22:50.7880428Z [32m- 1[39m
2026-01-25T20:22:50.7880781Z [31m+ 0[39m
2026-01-25T20:22:50.7880965Z 
2026-01-25T20:22:50.7881537Z [36m [2m❯[22m __tests__/knowledge-graph.test.ts:[2m134:31[22m[39m
2026-01-25T20:22:50.7882245Z     [90m132| [39m
2026-01-25T20:22:50.7883300Z     [90m133| [39m      [35mconst[39m graph [33m=[39m [35mawait[39m manager[33m.[39m[34mreadGraph[39m()[33m;[39m
2026-01-25T20:22:50.7884755Z     [90m134| [39m      [34mexpect[39m(graph[33m.[39mrelations)[33m.[39m[34mtoHaveLength[39m([34m1[39m)[33m;[39m
2026-01-25T20:22:50.7885977Z     [90m   | [39m                              [31m^[39m
2026-01-25T20:22:50.7887410Z     [90m135| [39m      [34mexpect[39m(graph[33m.[39mrelations[[34m0[39m][33m.[39magentThreadId)[33m.[39m[34mtoBe[39m([32m'thread-001'[39m)[33m;[39m
2026-01-25T20:22:50.7889389Z     [90m136| [39m      [34mexpect[39m(graph[33m.[39mrelations[[34m0[39m][33m.[39mtimestamp)[33m.[39m[34mtoBe[39m([32m'2024-01-20T10:01:00Z'[39m…
2026-01-25T20:22:50.7890246Z 
2026-01-25T20:22:50.7890689Z [31m[2m⎯⎯⎯⎯⎯⎯⎯⎯⎯⎯⎯⎯⎯⎯⎯⎯⎯⎯⎯⎯⎯⎯[14/59]⎯[22m[39m
2026-01-25T20:22:50.7891049Z 
2026-01-25T20:22:50.7892950Z [31m[1m[7m FAIL [27m[22m[39m __tests__/knowledge-graph.test.ts[2m > [22mKnowledgeGraphManager - Enhanced with Metadata[2m > [22mcreateRelations with metadata[2m > [22mshould not create duplicate relations
2026-01-25T20:22:50.7894913Z [31m[1mAssertionError[22m: expected [] to have a length of 1 but got +0[39m
2026-01-25T20:22:50.7895657Z 
2026-01-25T20:22:50.7895873Z [32m- Expected[39m
2026-01-25T20:22:50.7896270Z [31m+ Received[39m
2026-01-25T20:22:50.7896464Z 
2026-01-25T20:22:50.7896625Z [32m- 1[39m
2026-01-25T20:22:50.7896941Z [31m+ 0[39m
2026-01-25T20:22:50.7897101Z 
2026-01-25T20:22:50.7897631Z [36m [2m❯[22m __tests__/knowledge-graph.test.ts:[2m180:31[22m[39m
2026-01-25T20:22:50.7898265Z     [90m178| [39m
2026-01-25T20:22:50.7899270Z     [90m179| [39m      [35mconst[39m graph [33m=[39m [35mawait[39m manager[33m.[39m[34mreadGraph[39m()[33m;[39m
2026-01-25T20:22:50.7900765Z     [90m180| [39m      [34mexpect[39m(graph[33m.[39mrelations)[33m.[39m[34mtoHaveLength[39m([34m1[39m)[33m;[39m
2026-01-25T20:22:50.7901807Z     [90m   | [39m                              [31m^[39m
2026-01-25T20:22:50.7902383Z     [90m181| [39m    })[33m;[39m
2026-01-25T20:22:50.7903213Z     [90m182| [39m  })[33m;[39m
2026-01-25T20:22:50.7903546Z 
2026-01-25T20:22:50.7903994Z [31m[2m⎯⎯⎯⎯⎯⎯⎯⎯⎯⎯⎯⎯⎯⎯⎯⎯⎯⎯⎯⎯⎯⎯[15/59]⎯[22m[39m
2026-01-25T20:22:50.7904335Z 
2026-01-25T20:22:50.7906531Z [31m[1m[7m FAIL [27m[22m[39m __tests__/knowledge-graph.test.ts[2m > [22mKnowledgeGraphManager - Enhanced with Metadata[2m > [22mMulti-thread file storage[2m > [22mshould store entities from different threads in separate files
2026-01-25T20:22:50.7908614Z [31m[1mAssertionError[22m: expected [] to have a length of 2 but got +0[39m
2026-01-25T20:22:50.7909408Z 
2026-01-25T20:22:50.7909628Z [32m- Expected[39m
2026-01-25T20:22:50.7910009Z [31m+ Received[39m
2026-01-25T20:22:50.7910208Z 
2026-01-25T20:22:50.7910364Z [32m- 2[39m
2026-01-25T20:22:50.7910692Z [31m+ 0[39m
2026-01-25T20:22:50.7910828Z 
2026-01-25T20:22:50.7911296Z [36m [2m❯[22m __tests__/knowledge-graph.test.ts:[2m222:30[22m[39m
2026-01-25T20:22:50.7912145Z     [90m220| [39m      [90m// Verify we can read all entities[39m
2026-01-25T20:22:50.7913274Z     [90m221| [39m      [35mconst[39m graph [33m=[39m [35mawait[39m manager[33m.[39m[34mreadGraph[39m()[33m;[39m
2026-01-25T20:22:50.7914937Z     [90m222| [39m      [34mexpect[39m(graph[33m.[39mentities)[33m.[39m[34mtoHaveLength[39m([34m2[39m)[33m;[39m
2026-01-25T20:22:50.7916096Z     [90m   | [39m                             [31m^[39m
2026-01-25T20:22:50.7916656Z     [90m223| [39m    })[33m;[39m
2026-01-25T20:22:50.7917088Z     [90m224| [39m
2026-01-25T20:22:50.7917283Z 
2026-01-25T20:22:50.7917667Z [31m[2m⎯⎯⎯⎯⎯⎯⎯⎯⎯⎯⎯⎯⎯⎯⎯⎯⎯⎯⎯⎯⎯⎯[16/59]⎯[22m[39m
2026-01-25T20:22:50.7917988Z 
2026-01-25T20:22:50.7919780Z [31m[1m[7m FAIL [27m[22m[39m __tests__/knowledge-graph.test.ts[2m > [22mKnowledgeGraphManager - Enhanced with Metadata[2m > [22mMulti-thread file storage[2m > [22mshould store relations from different threads in separate files
2026-01-25T20:22:50.7921849Z [31m[1mAssertionError[22m: expected [] to have a length of 2 but got +0[39m
2026-01-25T20:22:50.7922373Z 
2026-01-25T20:22:50.7922601Z [32m- Expected[39m
2026-01-25T20:22:50.7923032Z [31m+ Received[39m
2026-01-25T20:22:50.7923240Z 
2026-01-25T20:22:50.7923405Z [32m- 2[39m
2026-01-25T20:22:50.7923739Z [31m+ 0[39m
2026-01-25T20:22:50.7923907Z 
2026-01-25T20:22:50.7924465Z [36m [2m❯[22m __tests__/knowledge-graph.test.ts:[2m285:31[22m[39m
2026-01-25T20:22:50.7954912Z     [90m283| [39m      [90m// Verify all relations are readable[39m
2026-01-25T20:22:50.7986907Z     [90m284| [39m      [35mconst[39m graph [33m=[39m [35mawait[39m manager[33m.[39m[34mreadGraph[39m()[33m;[39m
2026-01-25T20:22:50.7988795Z     [90m285| [39m      [34mexpect[39m(graph[33m.[39mrelations)[33m.[39m[34mtoHaveLength[39m([34m2[39m)[33m;[39m
2026-01-25T20:22:50.7990103Z     [90m   | [39m                              [31m^[39m
2026-01-25T20:22:50.7990997Z     [90m286| [39m    })[33m;[39m
2026-01-25T20:22:50.7991972Z     [90m287| [39m  })[33m;[39m
2026-01-25T20:22:50.7992345Z 
2026-01-25T20:22:50.7992933Z [31m[2m⎯⎯⎯⎯⎯⎯⎯⎯⎯⎯⎯⎯⎯⎯⎯⎯⎯⎯⎯⎯⎯⎯[17/59]⎯[22m[39m
2026-01-25T20:22:50.7993267Z 
2026-01-25T20:22:50.7995135Z [31m[1m[7m FAIL [27m[22m[39m __tests__/knowledge-graph.test.ts[2m > [22mKnowledgeGraphManager - Enhanced with Metadata[2m > [22maddObservations with metadata[2m > [22mshould add observations and update entity metadata
2026-01-25T20:22:50.7997305Z [31m[1mAssertionError[22m: Target cannot be null or undefined.[39m
2026-01-25T20:22:50.7998342Z [36m [2m❯[22m __tests__/knowledge-graph.test.ts:[2m328:35[22m[39m
2026-01-25T20:22:50.7999619Z     [90m326| [39m      [35mconst[39m graph [33m=[39m [35mawait[39m manager[33m.[39m[34mreadGraph[39m()[33m;[39m
2026-01-25T20:22:50.8001337Z     [90m327| [39m      [35mconst[39m alice [33m=[39m graph[33m.[39mentities[33m.[39m[34mfind[39m(e [33m=>[39m e[33m.[39mname [33m===[39m [32m'Alice'[39m)[33m;[39m
2026-01-25T20:22:50.8003076Z     [90m328| [39m      [34mexpect[39m(alice[33m?.[39mobservations)[33m.[39m[34mtoHaveLength[39m([34m3[39m)[33m;[39m
2026-01-25T20:22:50.8004372Z     [90m   | [39m                                  [31m^[39m
2026-01-25T20:22:50.8005880Z     [90m329| [39m      [34mexpect[39m(alice[33m?.[39mtimestamp)[33m.[39m[34mtoBe[39m([32m'2024-01-20T10:05:00Z'[39m)[33m;[39m
2026-01-25T20:22:50.8007400Z     [90m330| [39m      [90m// Confidence uses Math.max, so it stays at 0.95 (higher than 0.[39m…
2026-01-25T20:22:50.8007998Z 
2026-01-25T20:22:50.8008442Z [31m[2m⎯⎯⎯⎯⎯⎯⎯⎯⎯⎯⎯⎯⎯⎯⎯⎯⎯⎯⎯⎯⎯⎯[18/59]⎯[22m[39m
2026-01-25T20:22:50.8008796Z 
2026-01-25T20:22:50.8010567Z [31m[1m[7m FAIL [27m[22m[39m __tests__/knowledge-graph.test.ts[2m > [22mKnowledgeGraphManager - Enhanced with Metadata[2m > [22mdeleteEntities[2m > [22mshould delete entities and associated relations
2026-01-25T20:22:50.8012386Z [31m[1mAssertionError[22m: expected [] to have a length of 1 but got +0[39m
2026-01-25T20:22:50.8012927Z 
2026-01-25T20:22:50.8013133Z [32m- Expected[39m
2026-01-25T20:22:50.8013581Z [31m+ Received[39m
2026-01-25T20:22:50.8013801Z 
2026-01-25T20:22:50.8014052Z [32m- 1[39m
2026-01-25T20:22:50.8014416Z [31m+ 0[39m
2026-01-25T20:22:50.8014598Z 
2026-01-25T20:22:50.8015182Z [36m [2m❯[22m __tests__/knowledge-graph.test.ts:[2m425:30[22m[39m
2026-01-25T20:22:50.8016051Z     [90m423| [39m
2026-01-25T20:22:50.8017077Z     [90m424| [39m      [35mconst[39m graph [33m=[39m [35mawait[39m manager[33m.[39m[34mreadGraph[39m()[33m;[39m
2026-01-25T20:22:50.8018651Z     [90m425| [39m      [34mexpect[39m(graph[33m.[39mentities)[33m.[39m[34mtoHaveLength[39m([34m1[39m)[33m;[39m
2026-01-25T20:22:50.8019751Z     [90m   | [39m                             [31m^[39m
2026-01-25T20:22:50.8021119Z     [90m426| [39m      [34mexpect[39m(graph[33m.[39mentities[[34m0[39m][33m.[39mname)[33m.[39m[34mtoBe[39m([32m'Bob'[39m)[33m;[39m
2026-01-25T20:22:50.8022736Z     [90m427| [39m      [34mexpect[39m(graph[33m.[39mrelations)[33m.[39m[34mtoHaveLength[39m([34m0[39m)[33m;[39m
2026-01-25T20:22:50.8023432Z 
2026-01-25T20:22:50.8023817Z [31m[2m⎯⎯⎯⎯⎯⎯⎯⎯⎯⎯⎯⎯⎯⎯⎯⎯⎯⎯⎯⎯⎯⎯[19/59]⎯[22m[39m
2026-01-25T20:22:50.8024145Z 
2026-01-25T20:22:50.8026335Z [31m[1m[7m FAIL [27m[22m[39m __tests__/knowledge-graph.test.ts[2m > [22mKnowledgeGraphManager - Enhanced with Metadata[2m > [22msearchNodes[2m > [22mshould search entities by name, type, and observations
2026-01-25T20:22:50.8028299Z [31m[1mAssertionError[22m: expected [] to have a length of 1 but got +0[39m
2026-01-25T20:22:50.8028828Z 
2026-01-25T20:22:50.8029063Z [32m- Expected[39m
2026-01-25T20:22:50.8029557Z [31m+ Received[39m
2026-01-25T20:22:50.8029802Z 
2026-01-25T20:22:50.8030001Z [32m- 1[39m
2026-01-25T20:22:50.8030381Z [31m+ 0[39m
2026-01-25T20:22:50.8030566Z 
2026-01-25T20:22:50.8031135Z [36m [2m❯[22m __tests__/knowledge-graph.test.ts:[2m488:31[22m[39m
2026-01-25T20:22:50.8032125Z     [90m486| [39m
2026-01-25T20:22:50.8033413Z     [90m487| [39m      [35mconst[39m result [33m=[39m [35mawait[39m manager[33m.[39m[34msearchNodes[39m([32m'programming'[39m)[33m;[39m
2026-01-25T20:22:50.8035058Z     [90m488| [39m      [34mexpect[39m(result[33m.[39mentities)[33m.[39m[34mtoHaveLength[39m([34m1[39m)[33m;[39m
2026-01-25T20:22:50.8036273Z     [90m   | [39m                              [31m^[39m
2026-01-25T20:22:50.8037563Z     [90m489| [39m      [34mexpect[39m(result[33m.[39mentities[[34m0[39m][33m.[39mname)[33m.[39m[34mtoBe[39m([32m'Bob'[39m)[33m;[39m
2026-01-25T20:22:50.8038647Z     [90m490| [39m    })[33m;[39m
2026-01-25T20:22:50.8038933Z 
2026-01-25T20:22:50.8039351Z [31m[2m⎯⎯⎯⎯⎯⎯⎯⎯⎯⎯⎯⎯⎯⎯⎯⎯⎯⎯⎯⎯⎯⎯[20/59]⎯[22m[39m
2026-01-25T20:22:50.8039696Z 
2026-01-25T20:22:50.8041397Z [31m[1m[7m FAIL [27m[22m[39m __tests__/knowledge-graph.test.ts[2m > [22mKnowledgeGraphManager - Enhanced with Metadata[2m > [22mopenNodes[2m > [22mshould retrieve specific entities by name
2026-01-25T20:22:50.8043329Z [31m[1mAssertionError[22m: expected [] to have a length of 1 but got +0[39m
2026-01-25T20:22:50.8044191Z 
2026-01-25T20:22:50.8044440Z [32m- Expected[39m
2026-01-25T20:22:50.8044846Z [31m+ Received[39m
2026-01-25T20:22:50.8045044Z 
2026-01-25T20:22:50.8045208Z [32m- 1[39m
2026-01-25T20:22:50.8045714Z [31m+ 0[39m
2026-01-25T20:22:50.8045890Z 
2026-01-25T20:22:50.8046438Z [36m [2m❯[22m __tests__/knowledge-graph.test.ts:[2m517:31[22m[39m
2026-01-25T20:22:50.8047052Z     [90m515| [39m
2026-01-25T20:22:50.8048151Z     [90m516| [39m      [35mconst[39m result [33m=[39m [35mawait[39m manager[33m.[39m[34mopenNodes[39m([[32m'Alice'[39m])[33m;[39m
2026-01-25T20:22:50.8049800Z     [90m517| [39m      [34mexpect[39m(result[33m.[39mentities)[33m.[39m[34mtoHaveLength[39m([34m1[39m)[33m;[39m
2026-01-25T20:22:50.8050888Z     [90m   | [39m                              [31m^[39m
2026-01-25T20:22:50.8052263Z     [90m518| [39m      [34mexpect[39m(result[33m.[39mentities[[34m0[39m][33m.[39mname)[33m.[39m[34mtoBe[39m([32m'Alice'[39m)[33m;[39m
2026-01-25T20:22:50.8053385Z     [90m519| [39m    })[33m;[39m
2026-01-25T20:22:50.8053696Z 
2026-01-25T20:22:50.8054177Z [31m[2m⎯⎯⎯⎯⎯⎯⎯⎯⎯⎯⎯⎯⎯⎯⎯⎯⎯⎯⎯⎯⎯⎯[21/59]⎯[22m[39m
2026-01-25T20:22:50.8054532Z 
2026-01-25T20:22:50.8056562Z [31m[1m[7m FAIL [27m[22m[39m __tests__/knowledge-graph.test.ts[2m > [22mKnowledgeGraphManager - Enhanced with Metadata[2m > [22mqueryNodes with range filtering[2m > [22mshould filter by timestamp range
2026-01-25T20:22:50.8058531Z [31m[1mAssertionError[22m: expected [] to have a length of 1 but got +0[39m
2026-01-25T20:22:50.8059044Z 
2026-01-25T20:22:50.8059249Z [32m- Expected[39m
2026-01-25T20:22:50.8059644Z [31m+ Received[39m
2026-01-25T20:22:50.8059852Z 
2026-01-25T20:22:50.8060009Z [32m- 1[39m
2026-01-25T20:22:50.8060336Z [31m+ 0[39m
2026-01-25T20:22:50.8060500Z 
2026-01-25T20:22:50.8061066Z [36m [2m❯[22m __tests__/knowledge-graph.test.ts:[2m584:31[22m[39m
2026-01-25T20:22:50.8061807Z     [90m582| [39m      
2026-01-25T20:22:50.8062486Z     [90m583| [39m      [90m// Should get Bob (created at 12:00)[39m
2026-01-25T20:22:50.8063749Z     [90m584| [39m      [34mexpect[39m(result[33m.[39mentities)[33m.[39m[34mtoHaveLength[39m([34m1[39m)[33m;[39m
2026-01-25T20:22:50.8064839Z     [90m   | [39m                              [31m^[39m
2026-01-25T20:22:50.8066487Z     [90m585| [39m      [34mexpect[39m(result[33m.[39mentities[[34m0[39m][33m.[39mname)[33m.[39m[34mtoBe[39m([32m'Bob'[39m)[33m;[39m
2026-01-25T20:22:50.8067621Z     [90m586| [39m      
2026-01-25T20:22:50.8067885Z 
2026-01-25T20:22:50.8068310Z [31m[2m⎯⎯⎯⎯⎯⎯⎯⎯⎯⎯⎯⎯⎯⎯⎯⎯⎯⎯⎯⎯⎯⎯[22/59]⎯[22m[39m
2026-01-25T20:22:50.8068642Z 
2026-01-25T20:22:50.8070596Z [31m[1m[7m FAIL [27m[22m[39m __tests__/knowledge-graph.test.ts[2m > [22mKnowledgeGraphManager - Enhanced with Metadata[2m > [22mqueryNodes with range filtering[2m > [22mshould filter by confidence range
2026-01-25T20:22:50.8072480Z [31m[1mAssertionError[22m: expected [] to have a length of 2 but got +0[39m
2026-01-25T20:22:50.8073034Z 
2026-01-25T20:22:50.8073270Z [32m- Expected[39m
2026-01-25T20:22:50.8073721Z [31m+ Received[39m
2026-01-25T20:22:50.8073929Z 
2026-01-25T20:22:50.8074111Z [32m- 2[39m
2026-01-25T20:22:50.8074446Z [31m+ 0[39m
2026-01-25T20:22:50.8074631Z 
2026-01-25T20:22:50.8075200Z [36m [2m❯[22m __tests__/knowledge-graph.test.ts:[2m598:31[22m[39m
2026-01-25T20:22:50.8076115Z     [90m596| [39m      
2026-01-25T20:22:50.8076853Z     [90m597| [39m      [90m// Should get Alice (0.95) and Charlie (0.85)[39m
2026-01-25T20:22:50.8078202Z     [90m598| [39m      [34mexpect[39m(result[33m.[39mentities)[33m.[39m[34mtoHaveLength[39m([34m2[39m)[33m;[39m
2026-01-25T20:22:50.8079312Z     [90m   | [39m                              [31m^[39m
2026-01-25T20:22:50.8080950Z     [90m599| [39m      [35mconst[39m names [33m=[39m result[33m.[39mentities[33m.[39m[34mmap[39m(e [33m=>[39m e[33m.[39mname)[33m.[39m[34msort[39m()[33m;[39m
2026-01-25T20:22:50.8082952Z     [90m600| [39m      [34mexpect[39m(names)[33m.[39m[34mtoEqual[39m([[32m'Alice'[39m[33m,[39m [32m'Charlie'[39m])[33m;[39m
2026-01-25T20:22:50.8083677Z 
2026-01-25T20:22:50.8084076Z [31m[2m⎯⎯⎯⎯⎯⎯⎯⎯⎯⎯⎯⎯⎯⎯⎯⎯⎯⎯⎯⎯⎯⎯[23/59]⎯[22m[39m
2026-01-25T20:22:50.8084415Z 
2026-01-25T20:22:50.8086406Z [31m[1m[7m FAIL [27m[22m[39m __tests__/knowledge-graph.test.ts[2m > [22mKnowledgeGraphManager - Enhanced with Metadata[2m > [22mqueryNodes with range filtering[2m > [22mshould filter by importance range
2026-01-25T20:22:50.8088352Z [31m[1mAssertionError[22m: expected [] to have a length of 1 but got +0[39m
2026-01-25T20:22:50.8088885Z 
2026-01-25T20:22:50.8089106Z [32m- Expected[39m
2026-01-25T20:22:50.8089542Z [31m+ Received[39m
2026-01-25T20:22:50.8089752Z 
2026-01-25T20:22:50.8089917Z [32m- 1[39m
2026-01-25T20:22:50.8090297Z [31m+ 0[39m
2026-01-25T20:22:50.8090484Z 
2026-01-25T20:22:50.8091080Z [36m [2m❯[22m __tests__/knowledge-graph.test.ts:[2m614:31[22m[39m
2026-01-25T20:22:50.8092221Z     [90m612| [39m      [90m// Should get Alice (0.9) and Bob (but Bob is 0.5, so only Alice)[39m
2026-01-25T20:22:50.8093390Z     [90m613| [39m      [90m// Wait, Bob is 0.5 which is < 0.6, so only Alice[39m
2026-01-25T20:22:50.8094683Z     [90m614| [39m      [34mexpect[39m(result[33m.[39mentities)[33m.[39m[34mtoHaveLength[39m([34m1[39m)[33m;[39m
2026-01-25T20:22:50.8095897Z     [90m   | [39m                              [31m^[39m
2026-01-25T20:22:50.8097194Z     [90m615| [39m      [34mexpect[39m(result[33m.[39mentities[[34m0[39m][33m.[39mname)[33m.[39m[34mtoBe[39m([32m'Alice'[39m)[33m;[39m
2026-01-25T20:22:50.8098185Z     [90m616| [39m      
2026-01-25T20:22:50.8098431Z 
2026-01-25T20:22:50.8098837Z [31m[2m⎯⎯⎯⎯⎯⎯⎯⎯⎯⎯⎯⎯⎯⎯⎯⎯⎯⎯⎯⎯⎯⎯[24/59]⎯[22m[39m
2026-01-25T20:22:50.8099180Z 
2026-01-25T20:22:50.8101053Z [31m[1m[7m FAIL [27m[22m[39m __tests__/knowledge-graph.test.ts[2m > [22mKnowledgeGraphManager - Enhanced with Metadata[2m > [22mqueryNodes with range filtering[2m > [22mshould filter by multiple range criteria
2026-01-25T20:22:50.8103091Z [31m[1mAssertionError[22m: expected [] to have a length of 1 but got +0[39m
2026-01-25T20:22:50.8103634Z 
2026-01-25T20:22:50.8103875Z [32m- Expected[39m
2026-01-25T20:22:50.8104315Z [31m+ Received[39m
2026-01-25T20:22:50.8104534Z 
2026-01-25T20:22:50.8104726Z [32m- 1[39m
2026-01-25T20:22:50.8105099Z [31m+ 0[39m
2026-01-25T20:22:50.8105298Z 
2026-01-25T20:22:50.8106164Z [36m [2m❯[22m __tests__/knowledge-graph.test.ts:[2m628:31[22m[39m
2026-01-25T20:22:50.8106803Z     [90m626| [39m      
2026-01-25T20:22:50.8107591Z     [90m627| [39m      [90m// Should get only Alice (confidence 0.95, importance 0.9)[39m
2026-01-25T20:22:50.8109100Z     [90m628| [39m      [34mexpect[39m(result[33m.[39mentities)[33m.[39m[34mtoHaveLength[39m([34m1[39m)[33m;[39m
2026-01-25T20:22:50.8110140Z     [90m   | [39m                              [31m^[39m
2026-01-25T20:22:50.8111496Z     [90m629| [39m      [34mexpect[39m(result[33m.[39mentities[[34m0[39m][33m.[39mname)[33m.[39m[34mtoBe[39m([32m'Alice'[39m)[33m;[39m
2026-01-25T20:22:50.8112519Z     [90m630| [39m      
2026-01-25T20:22:50.8112755Z 
2026-01-25T20:22:50.8113162Z [31m[2m⎯⎯⎯⎯⎯⎯⎯⎯⎯⎯⎯⎯⎯⎯⎯⎯⎯⎯⎯⎯⎯⎯[25/59]⎯[22m[39m
2026-01-25T20:22:50.8113483Z 
2026-01-25T20:22:50.8115702Z [31m[1m[7m FAIL [27m[22m[39m __tests__/knowledge-graph.test.ts[2m > [22mKnowledgeGraphManager - Enhanced with Metadata[2m > [22mqueryNodes with range filtering[2m > [22mshould include relations when both entities pass filter
2026-01-25T20:22:50.8117826Z [31m[1mAssertionError[22m: expected [] to have a length of 2 but got +0[39m
2026-01-25T20:22:50.8118306Z 
2026-01-25T20:22:50.8118516Z [32m- Expected[39m
2026-01-25T20:22:50.8118949Z [31m+ Received[39m
2026-01-25T20:22:50.8119170Z 
2026-01-25T20:22:50.8119367Z [32m- 2[39m
2026-01-25T20:22:50.8119723Z [31m+ 0[39m
2026-01-25T20:22:50.8120233Z 
2026-01-25T20:22:50.8120852Z [36m [2m❯[22m __tests__/knowledge-graph.test.ts:[2m642:31[22m[39m
2026-01-25T20:22:50.8121510Z     [90m640| [39m      
2026-01-25T20:22:50.8122354Z     [90m641| [39m      [90m// Should get Alice (0.9), Bob (0.5) - but not Charlie (0.3)[39m
2026-01-25T20:22:50.8123712Z     [90m642| [39m      [34mexpect[39m(result[33m.[39mentities)[33m.[39m[34mtoHaveLength[39m([34m2[39m)[33m;[39m
2026-01-25T20:22:50.8124771Z     [90m   | [39m                              [31m^[39m
2026-01-25T20:22:50.8126484Z     [90m643| [39m      [35mconst[39m names [33m=[39m result[33m.[39mentities[33m.[39m[34mmap[39m(e [33m=>[39m e[33m.[39mname)[33m.[39m[34msort[39m()[33m;[39m
2026-01-25T20:22:50.8128292Z     [90m644| [39m      [34mexpect[39m(names)[33m.[39m[34mtoEqual[39m([[32m'Alice'[39m[33m,[39m [32m'Bob'[39m])[33m;[39m
2026-01-25T20:22:50.8129030Z 
2026-01-25T20:22:50.8129445Z [31m[2m⎯⎯⎯⎯⎯⎯⎯⎯⎯⎯⎯⎯⎯⎯⎯⎯⎯⎯⎯⎯⎯⎯[26/59]⎯[22m[39m
2026-01-25T20:22:50.8129814Z 
2026-01-25T20:22:50.8131700Z [31m[1m[7m FAIL [27m[22m[39m __tests__/knowledge-graph.test.ts[2m > [22mKnowledgeGraphManager - Enhanced with Metadata[2m > [22mqueryNodes with range filtering[2m > [22mshould return all data when no filters provided
2026-01-25T20:22:50.8133691Z [31m[1mAssertionError[22m: expected [] to have a length of 3 but got +0[39m
2026-01-25T20:22:50.8134223Z 
2026-01-25T20:22:50.8134444Z [32m- Expected[39m
2026-01-25T20:22:50.8134862Z [31m+ Received[39m
2026-01-25T20:22:50.8135068Z 
2026-01-25T20:22:50.8135245Z [32m- 3[39m
2026-01-25T20:22:50.8135789Z [31m+ 0[39m
2026-01-25T20:22:50.8135969Z 
2026-01-25T20:22:50.8136539Z [36m [2m❯[22m __tests__/knowledge-graph.test.ts:[2m654:31[22m[39m
2026-01-25T20:22:50.8137882Z     [90m652| [39m      [35mconst[39m result [33m=[39m [35mawait[39m manager[33m.[39m[34mqueryNodes[39m()[33m;[39m
2026-01-25T20:22:50.8138775Z     [90m653| [39m      
2026-01-25T20:22:50.8139829Z     [90m654| [39m      [34mexpect[39m(result[33m.[39mentities)[33m.[39m[34mtoHaveLength[39m([34m3[39m)[33m;[39m
2026-01-25T20:22:50.8140869Z     [90m   | [39m                              [31m^[39m
2026-01-25T20:22:50.8142032Z     [90m655| [39m      [34mexpect[39m(result[33m.[39mrelations)[33m.[39m[34mtoHaveLength[39m([34m2[39m)[33m;[39m
2026-01-25T20:22:50.8142903Z     [90m656| [39m    })[33m;[39m
2026-01-25T20:22:50.8143168Z 
2026-01-25T20:22:50.8143555Z [31m[2m⎯⎯⎯⎯⎯⎯⎯⎯⎯⎯⎯⎯⎯⎯⎯⎯⎯⎯⎯⎯⎯⎯[27/59]⎯[22m[39m
2026-01-25T20:22:50.8143882Z 
2026-01-25T20:22:50.8146216Z [31m[1m[7m FAIL [27m[22m[39m __tests__/knowledge-graph.test.ts[2m > [22mKnowledgeGraphManager - Enhanced with Metadata[2m > [22mCross-thread operations[2m > [22mshould maintain single entity when observations added from different thread
2026-01-25T20:22:50.8148667Z [31m[1mAssertionError[22m: expected [] to have a length of 1 but got +0[39m
2026-01-25T20:22:50.8149239Z 
2026-01-25T20:22:50.8149501Z [32m- Expected[39m
2026-01-25T20:22:50.8149941Z [31m+ Received[39m
2026-01-25T20:22:50.8150172Z 
2026-01-25T20:22:50.8150371Z [32m- 1[39m
2026-01-25T20:22:50.8150748Z [31m+ 0[39m
2026-01-25T20:22:50.8150939Z 
2026-01-25T20:22:50.8151493Z [36m [2m❯[22m __tests__/knowledge-graph.test.ts:[2m697:30[22m[39m
2026-01-25T20:22:50.8152380Z     [90m695| [39m      [90m// Verify only one Alice entity exists[39m
2026-01-25T20:22:50.8153674Z     [90m696| [39m      [35mconst[39m graph [33m=[39m [35mawait[39m manager[33m.[39m[34mreadGraph[39m()[33m;[39m
2026-01-25T20:22:50.8155207Z     [90m697| [39m      [34mexpect[39m(graph[33m.[39mentities)[33m.[39m[34mtoHaveLength[39m([34m1[39m)[33m;[39m
2026-01-25T20:22:50.8156478Z     [90m   | [39m                             [31m^[39m
2026-01-25T20:22:50.8157841Z     [90m698| [39m      [34mexpect[39m(graph[33m.[39mentities[[34m0[39m][33m.[39mname)[33m.[39m[34mtoBe[39m([32m'Alice'[39m)[33m;[39m
2026-01-25T20:22:50.8160295Z     [90m699| [39m      [34mexpect[39m(graph[33m.[39mentities[[34m0[39m][33m.[39mobservations)[33m.[39m[34mtoHaveLength[39m([34m3[39m)[33m;[39m
2026-01-25T20:22:50.8161213Z 
2026-01-25T20:22:50.8161671Z [31m[2m⎯⎯⎯⎯⎯⎯⎯⎯⎯⎯⎯⎯⎯⎯⎯⎯⎯⎯⎯⎯⎯⎯[28/59]⎯[22m[39m
2026-01-25T20:22:50.8162007Z 
2026-01-25T20:22:50.8163790Z [31m[1m[7m FAIL [27m[22m[39m __tests__/knowledge-graph.test.ts[2m > [22mKnowledgeGraphManager - Enhanced with Metadata[2m > [22mlistEntities[2m > [22mshould list all entities when no filters are provided
2026-01-25T20:22:50.8165934Z [31m[1mAssertionError[22m: expected [] to have a length of 4 but got +0[39m
2026-01-25T20:22:50.8166479Z 
2026-01-25T20:22:50.8166757Z [32m- Expected[39m
2026-01-25T20:22:50.8167203Z [31m+ Received[39m
2026-01-25T20:22:50.8167424Z 
2026-01-25T20:22:50.8167603Z [32m- 4[39m
2026-01-25T20:22:50.8167957Z [31m+ 0[39m
2026-01-25T20:22:50.8168132Z 
2026-01-25T20:22:50.8168726Z [36m [2m❯[22m __tests__/knowledge-graph.test.ts:[2m988:22[22m[39m
2026-01-25T20:22:50.8170129Z     [90m986| [39m    [34mit[39m([32m'should list all entities when no filters are provided'[39m[33m,[39m [35masync[39m …
2026-01-25T20:22:50.8171735Z     [90m987| [39m      [35mconst[39m result [33m=[39m [35mawait[39m manager[33m.[39m[34mlistEntities[39m()[33m;[39m
2026-01-25T20:22:50.8173144Z     [90m988| [39m      [34mexpect[39m(result)[33m.[39m[34mtoHaveLength[39m([34m4[39m)[33m;[39m
2026-01-25T20:22:50.8174066Z     [90m   | [39m                     [31m^[39m
2026-01-25T20:22:50.8175722Z     [90m989| [39m      [34mexpect[39m(result[33m.[39m[34mmap[39m(e [33m=>[39m e[33m.[39mname))[33m.[39m[34mtoContain[39m([32m'ServiceA'[39m)[33m;[39m
2026-01-25T20:22:50.8177818Z     [90m990| [39m      [34mexpect[39m(result[33m.[39m[34mmap[39m(e [33m=>[39m e[33m.[39mname))[33m.[39m[34mtoContain[39m([32m'ServiceB'[39m)[33m;[39m
2026-01-25T20:22:50.8178718Z 
2026-01-25T20:22:50.8179153Z [31m[2m⎯⎯⎯⎯⎯⎯⎯⎯⎯⎯⎯⎯⎯⎯⎯⎯⎯⎯⎯⎯⎯⎯[29/59]⎯[22m[39m
2026-01-25T20:22:50.8179500Z 
2026-01-25T20:22:50.8181141Z [31m[1m[7m FAIL [27m[22m[39m __tests__/knowledge-graph.test.ts[2m > [22mKnowledgeGraphManager - Enhanced with Metadata[2m > [22mlistEntities[2m > [22mshould filter by entityType
2026-01-25T20:22:50.8182952Z [31m[1mAssertionError[22m: expected [] to have a length of 3 but got +0[39m
2026-01-25T20:22:50.8183507Z 
2026-01-25T20:22:50.8183744Z [32m- Expected[39m
2026-01-25T20:22:50.8184175Z [31m+ Received[39m
2026-01-25T20:22:50.8184390Z 
2026-01-25T20:22:50.8184588Z [32m- 3[39m
2026-01-25T20:22:50.8184943Z [31m+ 0[39m
2026-01-25T20:22:50.8185150Z 
2026-01-25T20:22:50.8185909Z [36m [2m❯[22m __tests__/knowledge-graph.test.ts:[2m1006:22[22m[39m
2026-01-25T20:22:50.8187173Z     [90m1004| [39m    [34mit[39m([32m'should filter by entityType'[39m[33m,[39m [35masync[39m () [33m=>[39m {
2026-01-25T20:22:50.8189428Z     [90m1005| [39m      [35mconst[39m result [33m=[39m [35mawait[39m manager[33m.[39m[34mlistEntities[39m(undefined[33m,[39m [32m'Service'[39m)[33m;[39m
2026-01-25T20:22:50.8191194Z     [90m1006| [39m      [34mexpect[39m(result)[33m.[39m[34mtoHaveLength[39m([34m3[39m)[33m;[39m
2026-01-25T20:22:50.8192184Z     [90m   | [39m                     [31m^[39m
2026-01-25T20:22:50.8193804Z     [90m1007| [39m      [34mexpect[39m(result[33m.[39m[34mevery[39m(e [33m=>[39m e[33m.[39mentityType [33m===[39m [32m'Service'[39m))[33m.[39m[34mtoBe[39m([35mtrue[39m)[33m;[39m
2026-01-25T20:22:50.8195147Z     [90m1008| [39m    })[33m;[39m
2026-01-25T20:22:50.8195445Z 
2026-01-25T20:22:50.8196074Z [31m[2m⎯⎯⎯⎯⎯⎯⎯⎯⎯⎯⎯⎯⎯⎯⎯⎯⎯⎯⎯⎯⎯⎯[30/59]⎯[22m[39m
2026-01-25T20:22:50.8196417Z 
2026-01-25T20:22:50.8198198Z [31m[1m[7m FAIL [27m[22m[39m __tests__/knowledge-graph.test.ts[2m > [22mKnowledgeGraphManager - Enhanced with Metadata[2m > [22mlistEntities[2m > [22mshould filter by namePattern (case-insensitive)
2026-01-25T20:22:50.8200418Z [31m[1mAssertionError[22m: expected [] to have a length of 3 but got +0[39m
2026-01-25T20:22:50.8200979Z 
2026-01-25T20:22:50.8201235Z [32m- Expected[39m
2026-01-25T20:22:50.8201626Z [31m+ Received[39m
2026-01-25T20:22:50.8201832Z 
2026-01-25T20:22:50.8201988Z [32m- 3[39m
2026-01-25T20:22:50.8202311Z [31m+ 0[39m
2026-01-25T20:22:50.8202486Z 
2026-01-25T20:22:50.8203084Z [36m [2m❯[22m __tests__/knowledge-graph.test.ts:[2m1012:22[22m[39m
2026-01-25T20:22:50.8204553Z     [90m1010| [39m    [34mit[39m([32m'should filter by namePattern (case-insensitive)'[39m[33m,[39m [35masync[39m () [33m=>[39m {
2026-01-25T20:22:50.8206809Z     [90m1011| [39m      [35mconst[39m result [33m=[39m [35mawait[39m manager[33m.[39m[34mlistEntities[39m(undefined[33m,[39m undefined[33m,[39m …
2026-01-25T20:22:50.8208485Z     [90m1012| [39m      [34mexpect[39m(result)[33m.[39m[34mtoHaveLength[39m([34m3[39m)[33m;[39m
2026-01-25T20:22:50.8209398Z     [90m   | [39m                     [31m^[39m
2026-01-25T20:22:50.8210839Z     [90m1013| [39m      [34mexpect[39m(result[33m.[39m[34mmap[39m(e [33m=>[39m e[33m.[39mname))[33m.[39m[34mtoContain[39m([32m'ServiceA'[39m)[33m;[39m
2026-01-25T20:22:50.8212837Z     [90m1014| [39m      [34mexpect[39m(result[33m.[39m[34mmap[39m(e [33m=>[39m e[33m.[39mname))[33m.[39m[34mtoContain[39m([32m'ServiceB'[39m)[33m;[39m
2026-01-25T20:22:50.8213723Z 
2026-01-25T20:22:50.8214196Z [31m[2m⎯⎯⎯⎯⎯⎯⎯⎯⎯⎯⎯⎯⎯⎯⎯⎯⎯⎯⎯⎯⎯⎯[31/59]⎯[22m[39m
2026-01-25T20:22:50.8214552Z 
2026-01-25T20:22:50.8216215Z [31m[1m[7m FAIL [27m[22m[39m __tests__/neo4j-e2e.test.ts[2m > [22mNeo4j Storage Adapter E2E[2m > [22mEntity CRUD Operations[2m > [22mshould create and read entities
2026-01-25T20:22:50.8217913Z [31m[1mAssertionError[22m: expected [] to have a length of 1 but got +0[39m
2026-01-25T20:22:50.8218484Z 
2026-01-25T20:22:50.8218761Z [32m- Expected[39m
2026-01-25T20:22:50.8219222Z [31m+ Received[39m
2026-01-25T20:22:50.8219454Z 
2026-01-25T20:22:50.8219665Z [32m- 1[39m
2026-01-25T20:22:50.8220042Z [31m+ 0[39m
2026-01-25T20:22:50.8220231Z 
2026-01-25T20:22:50.8220746Z [36m [2m❯[22m __tests__/neo4j-e2e.test.ts:[2m71:30[22m[39m
2026-01-25T20:22:50.8221440Z     [90m 69| [39m      
2026-01-25T20:22:50.8221943Z     [90m 70| [39m      [90m// Assert[39m
2026-01-25T20:22:50.8223062Z     [90m 71| [39m      [34mexpect[39m(graph[33m.[39mentities)[33m.[39m[34mtoHaveLength[39m([34m1[39m)[33m;[39m
2026-01-25T20:22:50.8224100Z     [90m   | [39m                             [31m^[39m
2026-01-25T20:22:50.8225436Z     [90m 72| [39m      [34mexpect[39m(graph[33m.[39mentities[[34m0[39m][33m.[39mname)[33m.[39m[34mtoBe[39m([32m'TestEntity'[39m)[33m;[39m
2026-01-25T20:22:50.8226715Z     [90m 73| [39m    })[33m;[39m
2026-01-25T20:22:50.8226996Z 
2026-01-25T20:22:50.8227634Z [31m[2m⎯⎯⎯⎯⎯⎯⎯⎯⎯⎯⎯⎯⎯⎯⎯⎯⎯⎯⎯⎯⎯⎯[32/59]⎯[22m[39m
2026-01-25T20:22:50.8227981Z 
2026-01-25T20:22:50.8229426Z [31m[1m[7m FAIL [27m[22m[39m __tests__/neo4j-e2e.test.ts[2m > [22mNeo4j Storage Adapter E2E[2m > [22mEntity CRUD Operations[2m > [22mshould handle observations correctly
2026-01-25T20:22:50.8231083Z [31m[1mAssertionError[22m: expected [] to have a length of 1 but got +0[39m
2026-01-25T20:22:50.8231612Z 
2026-01-25T20:22:50.8231836Z [32m- Expected[39m
2026-01-25T20:22:50.8232248Z [31m+ Received[39m
2026-01-25T20:22:50.8232455Z 
2026-01-25T20:22:50.8232632Z [32m- 1[39m
2026-01-25T20:22:50.8232964Z [31m+ 0[39m
2026-01-25T20:22:50.8233148Z 
2026-01-25T20:22:50.8233642Z [36m [2m❯[22m __tests__/neo4j-e2e.test.ts:[2m102:30[22m[39m
2026-01-25T20:22:50.8234248Z     [90m100| [39m      
2026-01-25T20:22:50.8234750Z     [90m101| [39m      [90m// Assert[39m
2026-01-25T20:22:50.8236035Z     [90m102| [39m      [34mexpect[39m(graph[33m.[39mentities)[33m.[39m[34mtoHaveLength[39m([34m1[39m)[33m;[39m
2026-01-25T20:22:50.8237088Z     [90m   | [39m                             [31m^[39m
2026-01-25T20:22:50.8238704Z     [90m103| [39m      [34mexpect[39m(graph[33m.[39mentities[[34m0[39m][33m.[39mobservations)[33m.[39m[34mtoHaveLength[39m([34m1[39m)[33m;[39m
2026-01-25T20:22:50.8240759Z     [90m104| [39m      [34mexpect[39m(graph[33m.[39mentities[[34m0[39m][33m.[39mobservations[[34m0[39m][33m.[39mcontent)[33m.[39m[34mtoBe[39m([32m'Works at[39m…
2026-01-25T20:22:50.8241723Z 
2026-01-25T20:22:50.8242120Z [31m[2m⎯⎯⎯⎯⎯⎯⎯⎯⎯⎯⎯⎯⎯⎯⎯⎯⎯⎯⎯⎯⎯⎯[33/59]⎯[22m[39m
2026-01-25T20:22:50.8242446Z 
2026-01-25T20:22:50.8243967Z [31m[1m[7m FAIL [27m[22m[39m __tests__/neo4j-e2e.test.ts[2m > [22mNeo4j Storage Adapter E2E[2m > [22mEntity CRUD Operations[2m > [22mshould delete entities and cascade relations
2026-01-25T20:22:50.8245784Z [31m[1mAssertionError[22m: expected [] to have a length of 1 but got +0[39m
2026-01-25T20:22:50.8246239Z 
2026-01-25T20:22:50.8246437Z [32m- Expected[39m
2026-01-25T20:22:50.8246825Z [31m+ Received[39m
2026-01-25T20:22:50.8247038Z 
2026-01-25T20:22:50.8247197Z [32m- 1[39m
2026-01-25T20:22:50.8247518Z [31m+ 0[39m
2026-01-25T20:22:50.8247681Z 
2026-01-25T20:22:50.8248178Z [36m [2m❯[22m __tests__/neo4j-e2e.test.ts:[2m122:30[22m[39m
2026-01-25T20:22:50.8248799Z     [90m120| [39m      
2026-01-25T20:22:50.8249310Z     [90m121| [39m      [90m// Assert[39m
2026-01-25T20:22:50.8250439Z     [90m122| [39m      [34mexpect[39m(graph[33m.[39mentities)[33m.[39m[34mtoHaveLength[39m([34m1[39m)[33m;[39m
2026-01-25T20:22:50.8251528Z     [90m   | [39m                             [31m^[39m
2026-01-25T20:22:50.8252920Z     [90m123| [39m      [34mexpect[39m(graph[33m.[39mentities[[34m0[39m][33m.[39mname)[33m.[39m[34mtoBe[39m([32m'Entity2'[39m)[33m;[39m
2026-01-25T20:22:50.8254607Z     [90m124| [39m      [34mexpect[39m(graph[33m.[39mrelations)[33m.[39m[34mtoHaveLength[39m([34m0[39m)[33m;[39m
2026-01-25T20:22:50.8255341Z 
2026-01-25T20:22:50.8255972Z [31m[2m⎯⎯⎯⎯⎯⎯⎯⎯⎯⎯⎯⎯⎯⎯⎯⎯⎯⎯⎯⎯⎯⎯[34/59]⎯[22m[39m
2026-01-25T20:22:50.8256339Z 
2026-01-25T20:22:50.8257807Z [31m[1m[7m FAIL [27m[22m[39m __tests__/neo4j-e2e.test.ts[2m > [22mNeo4j Storage Adapter E2E[2m > [22mRelation CRUD Operations[2m > [22mshould create and read relations
2026-01-25T20:22:50.8259569Z [31m[1mAssertionError[22m: expected [] to have a length of 2 but got +0[39m
2026-01-25T20:22:50.8260118Z 
2026-01-25T20:22:50.8260368Z [32m- Expected[39m
2026-01-25T20:22:50.8260792Z [31m+ Received[39m
2026-01-25T20:22:50.8261001Z 
2026-01-25T20:22:50.8261178Z [32m- 2[39m
2026-01-25T20:22:50.8261550Z [31m+ 0[39m
2026-01-25T20:22:50.8261743Z 
2026-01-25T20:22:50.8262273Z [36m [2m❯[22m __tests__/neo4j-e2e.test.ts:[2m143:30[22m[39m
2026-01-25T20:22:50.8262919Z     [90m141| [39m      
2026-01-25T20:22:50.8263427Z     [90m142| [39m      [90m// Assert[39m
2026-01-25T20:22:50.8264776Z     [90m143| [39m      [34mexpect[39m(graph[33m.[39mentities)[33m.[39m[34mtoHaveLength[39m([34m2[39m)[33m;[39m
2026-01-25T20:22:50.8266101Z     [90m   | [39m                             [31m^[39m
2026-01-25T20:22:50.8267271Z     [90m144| [39m      [34mexpect[39m(graph[33m.[39mrelations)[33m.[39m[34mtoHaveLength[39m([34m1[39m)[33m;[39m
2026-01-25T20:22:50.8269005Z     [90m145| [39m      [34mexpect[39m(graph[33m.[39mrelations[[34m0[39m][33m.[39m[35mfrom[39m)[33m.[39m[34mtoBe[39m([32m'Entity1'[39m)[33m;[39m
2026-01-25T20:22:50.8269867Z 
2026-01-25T20:22:50.8270311Z [31m[2m⎯⎯⎯⎯⎯⎯⎯⎯⎯⎯⎯⎯⎯⎯⎯⎯⎯⎯⎯⎯⎯⎯[35/59]⎯[22m[39m
2026-01-25T20:22:50.8270645Z 
2026-01-25T20:22:50.8272130Z [31m[1m[7m FAIL [27m[22m[39m __tests__/neo4j-e2e.test.ts[2m > [22mNeo4j Storage Adapter E2E[2m > [22mData Persistence[2m > [22mshould persist data across multiple operations
2026-01-25T20:22:50.8273846Z [31m[1mAssertionError[22m: expected [] to have a length of 1 but got +0[39m
2026-01-25T20:22:50.8274374Z 
2026-01-25T20:22:50.8274606Z [32m- Expected[39m
2026-01-25T20:22:50.8275051Z [31m+ Received[39m
2026-01-25T20:22:50.8275759Z 
2026-01-25T20:22:50.8276010Z [32m- 1[39m
2026-01-25T20:22:50.8276392Z [31m+ 0[39m
2026-01-25T20:22:50.8276586Z 
2026-01-25T20:22:50.8277125Z [36m [2m❯[22m __tests__/neo4j-e2e.test.ts:[2m160:30[22m[39m
2026-01-25T20:22:50.8277755Z     [90m158| [39m      
2026-01-25T20:22:50.8278392Z     [90m159| [39m      [90m// Assert - First operation[39m
2026-01-25T20:22:50.8279665Z     [90m160| [39m      [34mexpect[39m(graph[33m.[39mentities)[33m.[39m[34mtoHaveLength[39m([34m1[39m)[33m;[39m
2026-01-25T20:22:50.8280845Z     [90m   | [39m                             [31m^[39m
2026-01-25T20:22:50.8281398Z     [90m161| [39m      
2026-01-25T20:22:50.8282048Z     [90m162| [39m      [90m// Arrange & Act - Second operation[39m
2026-01-25T20:22:50.8282462Z 
2026-01-25T20:22:50.8282893Z [31m[2m⎯⎯⎯⎯⎯⎯⎯⎯⎯⎯⎯⎯⎯⎯⎯⎯⎯⎯⎯⎯⎯⎯[36/59]⎯[22m[39m
2026-01-25T20:22:50.8283283Z 
2026-01-25T20:22:50.8284881Z [31m[1m[7m FAIL [27m[22m[39m __tests__/neo4j-e2e.test.ts[2m > [22mNeo4j Storage Adapter E2E[2m > [22mPerformance and Scalability[2m > [22mshould handle large graphs efficiently
2026-01-25T20:22:50.8286848Z [31m[1mAssertionError[22m: expected [] to have a length of 50 but got +0[39m
2026-01-25T20:22:50.8287412Z 
2026-01-25T20:22:50.8287665Z [32m- Expected[39m
2026-01-25T20:22:50.8288116Z [31m+ Received[39m
2026-01-25T20:22:50.8288337Z 
2026-01-25T20:22:50.8288509Z [32m- 50[39m
2026-01-25T20:22:50.8288856Z [31m+ 0[39m
2026-01-25T20:22:50.8289033Z 
2026-01-25T20:22:50.8289560Z [36m [2m❯[22m __tests__/neo4j-e2e.test.ts:[2m191:30[22m[39m
2026-01-25T20:22:50.8290242Z     [90m189| [39m      
2026-01-25T20:22:50.8290773Z     [90m190| [39m      [90m// Assert[39m
2026-01-25T20:22:50.8291911Z     [90m191| [39m      [34mexpect[39m(graph[33m.[39mentities)[33m.[39m[34mtoHaveLength[39m(entityCount)[33m;[39m
2026-01-25T20:22:50.8292977Z     [90m   | [39m                             [31m^[39m
2026-01-25T20:22:50.8293667Z     [90m192| [39m    })[33m;[39m
2026-01-25T20:22:50.8294131Z     [90m193| [39m
2026-01-25T20:22:50.8294330Z 
2026-01-25T20:22:50.8294728Z [31m[2m⎯⎯⎯⎯⎯⎯⎯⎯⎯⎯⎯⎯⎯⎯⎯⎯⎯⎯⎯⎯⎯⎯[37/59]⎯[22m[39m
2026-01-25T20:22:50.8295067Z 
2026-01-25T20:22:50.8296780Z [31m[1m[7m FAIL [27m[22m[39m __tests__/neo4j-e2e.test.ts[2m > [22mNeo4j Storage Adapter E2E[2m > [22mPerformance and Scalability[2m > [22mshould handle concurrent operations
2026-01-25T20:22:50.8298574Z [31m[1mAssertionError[22m: expected 0 to be greater than or equal to 10[39m
2026-01-25T20:22:50.8299638Z [36m [2m❯[22m __tests__/neo4j-e2e.test.ts:[2m210:37[22m[39m
2026-01-25T20:22:50.8300294Z     [90m208| [39m      
2026-01-25T20:22:50.8301039Z     [90m209| [39m      [90m// Assert - verify all entities were created[39m
2026-01-25T20:22:50.8302486Z     [90m210| [39m      [34mexpect[39m(graph[33m.[39mentities[33m.[39mlength)[33m.[39m[34mtoBeGreaterThanOrEqual[39m(entityCount…
2026-01-25T20:22:50.8303938Z     [90m   | [39m                                    [31m^[39m
2026-01-25T20:22:50.8304742Z     [90m211| [39m    })[33m;[39m
2026-01-25T20:22:50.8305252Z     [90m212| [39m  })[33m;[39m
2026-01-25T20:22:50.8305738Z 
2026-01-25T20:22:50.8306178Z [31m[2m⎯⎯⎯⎯⎯⎯⎯⎯⎯⎯⎯⎯⎯⎯⎯⎯⎯⎯⎯⎯⎯⎯[38/59]⎯[22m[39m
2026-01-25T20:22:50.8306555Z 
2026-01-25T20:22:50.8307932Z [31m[1m[7m FAIL [27m[22m[39m __tests__/neo4j-e2e.test.ts[2m > [22mNeo4j Storage Adapter E2E[2m > [22mSearch Operations[2m > [22mshould search nodes by query
2026-01-25T20:22:50.8309492Z [31m[1mAssertionError[22m: expected 0 to be greater than 0[39m
2026-01-25T20:22:50.8310508Z [36m [2m❯[22m __tests__/neo4j-e2e.test.ts:[2m260:38[22m[39m
2026-01-25T20:22:50.8311121Z     [90m258| [39m      
2026-01-25T20:22:50.8311629Z     [90m259| [39m      [90m// Assert[39m
2026-01-25T20:22:50.8312912Z     [90m260| [39m      [34mexpect[39m(result[33m.[39mentities[33m.[39mlength)[33m.[39m[34mtoBeGreaterThan[39m([34m0[39m)[33m;[39m
2026-01-25T20:22:50.8314120Z     [90m   | [39m                                     [31m^[39m
2026-01-25T20:22:50.8315666Z     [90m261| [39m      [34mexpect[39m(result[33m.[39mentities[[34m0[39m][33m.[39mname)[33m.[39m[34mtoBe[39m([32m'Alice'[39m)[33m;[39m
2026-01-25T20:22:50.8316820Z     [90m262| [39m    })[33m;[39m
2026-01-25T20:22:50.8317128Z 
2026-01-25T20:22:50.8317560Z [31m[2m⎯⎯⎯⎯⎯⎯⎯⎯⎯⎯⎯⎯⎯⎯⎯⎯⎯⎯⎯⎯⎯⎯[39/59]⎯[22m[39m
2026-01-25T20:22:50.8317906Z 
2026-01-25T20:22:50.8319425Z [31m[1m[7m FAIL [27m[22m[39m __tests__/neo4j-e2e.test.ts[2m > [22mNeo4j Storage Adapter E2E[2m > [22mIntegration with save_memory[2m > [22mshould support save_memory operations
2026-01-25T20:22:50.8321204Z [31m[1mAssertionError[22m: expected [] to have a length of 2 but got +0[39m
2026-01-25T20:22:50.8321735Z 
2026-01-25T20:22:50.8321959Z [32m- Expected[39m
2026-01-25T20:22:50.8322366Z [31m+ Received[39m
2026-01-25T20:22:50.8322608Z 
2026-01-25T20:22:50.8322800Z [32m- 2[39m
2026-01-25T20:22:50.8323151Z [31m+ 0[39m
2026-01-25T20:22:50.8323332Z 
2026-01-25T20:22:50.8323908Z [36m [2m❯[22m __tests__/neo4j-e2e.test.ts:[2m322:30[22m[39m
2026-01-25T20:22:50.8324504Z     [90m320| [39m
2026-01-25T20:22:50.8324963Z     [90m321| [39m      [90m// Assert[39m
2026-01-25T20:22:50.8326299Z     [90m322| [39m      [34mexpect[39m(graph[33m.[39mentities)[33m.[39m[34mtoHaveLength[39m([34m2[39m)[33m;[39m
2026-01-25T20:22:50.8327406Z     [90m   | [39m                             [31m^[39m
2026-01-25T20:22:50.8328583Z     [90m323| [39m      [34mexpect[39m(graph[33m.[39mrelations)[33m.[39m[34mtoHaveLength[39m([34m1[39m)[33m;[39m
2026-01-25T20:22:50.8329576Z     [90m324| [39m    })[33m;[39m
2026-01-25T20:22:50.8329859Z 
2026-01-25T20:22:50.8330275Z [31m[2m⎯⎯⎯⎯⎯⎯⎯⎯⎯⎯⎯⎯⎯⎯⎯⎯⎯⎯⎯⎯⎯⎯[40/59]⎯[22m[39m
2026-01-25T20:22:50.8330614Z 
2026-01-25T20:22:50.8332382Z [31m[1m[7m FAIL [27m[22m[39m __tests__/observation-history.test.ts[2m > [22mObservation Versioning - getObservationHistory[2m > [22mshould throw error for non-existent entity
2026-01-25T20:22:50.8334897Z [31m[1mAssertionError[22m: expected [Function] to throw error including 'Entity \'NonExistent\' not found' but got 'Entity \'obs-123\' not found in threa…'[39m
2026-01-25T20:22:50.8336109Z 
2026-01-25T20:22:50.8336617Z Expected: [32m"Entity 'NonExistent'[7m not found[27m"[39m
2026-01-25T20:22:50.8337662Z Received: [31m"Entity '[7mobs-123' not found in thread '[27mNonExistent'"[39m
2026-01-25T20:22:50.8338182Z 
2026-01-25T20:22:50.8338762Z [36m [2m❯[22m __tests__/observation-history.test.ts:[2m34:5[22m[39m
2026-01-25T20:22:50.8339461Z     [90m 32| [39m
2026-01-25T20:22:50.8340543Z     [90m 33| [39m  [34mit[39m([32m'should throw error for non-existent entity'[39m[33m,[39m [35masync[39m () [33m=>[39m {
2026-01-25T20:22:50.8341623Z     [90m 34| [39m    [35mawait[39m [34mexpect[39m(
2026-01-25T20:22:50.8342214Z     [90m   | [39m    [31m^[39m
2026-01-25T20:22:50.8343360Z     [90m 35| [39m      manager[33m.[39m[34mgetObservationHistory[39m([32m'NonExistent'[39m[33m,[39m [32m'obs-123'[39m)
2026-01-25T20:22:50.8345124Z     [90m 36| [39m    )[33m.[39mrejects[33m.[39m[34mtoThrow[39m([32m"Entity 'NonExistent' not found"[39m)[33m;[39m
2026-01-25T20:22:50.8345969Z 
2026-01-25T20:22:50.8346384Z [31m[2m⎯⎯⎯⎯⎯⎯⎯⎯⎯⎯⎯⎯⎯⎯⎯⎯⎯⎯⎯⎯⎯⎯[41/59]⎯[22m[39m
2026-01-25T20:22:50.8346712Z 
2026-01-25T20:22:50.8348281Z [31m[1m[7m FAIL [27m[22m[39m __tests__/observation-history.test.ts[2m > [22mObservation Versioning - getObservationHistory[2m > [22mshould throw error for non-existent observation
2026-01-25T20:22:50.8350821Z [31m[1mAssertionError[22m: expected [Function] to throw error including 'Observation \'non-existent-obs\' not …' but got 'Entity \'non-existent-obs\' not found…'[39m
2026-01-25T20:22:50.8351876Z 
2026-01-25T20:22:50.8352436Z Expected: [32m"[7mObservation[27m 'non-existent-obs' not found"[39m
2026-01-25T20:22:50.8353691Z Received: [31m"[7mEntity[27m 'non-existent-obs' not found[7m in thread 'TestEntity'[27m"[39m
2026-01-25T20:22:50.8354327Z 
2026-01-25T20:22:50.8354888Z [36m [2m❯[22m __tests__/observation-history.test.ts:[2m60:5[22m[39m
2026-01-25T20:22:50.8356154Z     [90m 58| [39m    [35mawait[39m manager[33m.[39m[34mcreateEntities[39m(entities)[33m;[39m
2026-01-25T20:22:50.8356917Z     [90m 59| [39m
2026-01-25T20:22:50.8357452Z     [90m 60| [39m    [35mawait[39m [34mexpect[39m(
2026-01-25T20:22:50.8358041Z     [90m   | [39m    [31m^[39m
2026-01-25T20:22:50.8359240Z     [90m 61| [39m      manager[33m.[39m[34mgetObservationHistory[39m([32m'TestEntity'[39m[33m,[39m [32m'non-existent-obs'[39m)
2026-01-25T20:22:50.8360901Z     [90m 62| [39m    )[33m.[39mrejects[33m.[39m[34mtoThrow[39m([32m"Observation 'non-existent-obs' not found"[39m)[33m;[39m
2026-01-25T20:22:50.8361638Z 
2026-01-25T20:22:50.8362037Z [31m[2m⎯⎯⎯⎯⎯⎯⎯⎯⎯⎯⎯⎯⎯⎯⎯⎯⎯⎯⎯⎯⎯⎯[42/59]⎯[22m[39m
2026-01-25T20:22:50.8362381Z 
2026-01-25T20:22:50.8363931Z [31m[1m[7m FAIL [27m[22m[39m __tests__/observation-history.test.ts[2m > [22mObservation Versioning - getObservationHistory[2m > [22mshould handle observation with no version chain
2026-01-25T20:22:50.8365903Z [31m[1mError[22m: Entity 'obs-standalone' not found in thread 'TestEntity'[39m
2026-01-25T20:22:50.8367302Z [36m [2m❯[22m Module.getObservationHistory lib/versioning/observation-history.ts:[2m24:11[22m[39m
2026-01-25T20:22:50.8369231Z     [90m 22| [39m  [35mconst[39m entity [33m=[39m graph[33m.[39mentities[33m.[39m[34mfind[39m(e [33m=>[39m e[33m.[39mname [33m===[39m entityName [33m&&[39m e[33m.[39ma…
2026-01-25T20:22:50.8370546Z     [90m 23| [39m  [35mif[39m ([33m![39mentity) {
2026-01-25T20:22:50.8371998Z     [90m 24| [39m    [35mthrow[39m [35mnew[39m [33mError[39m([32m`Entity '[39m[36m${[39mentityName[36m}[39m[32m' not found in thread '[39m[36m${[39mthr…
2026-01-25T20:22:50.8373343Z     [90m   | [39m          [31m^[39m
2026-01-25T20:22:50.8373831Z     [90m 25| [39m  }
2026-01-25T20:22:50.8374233Z     [90m 26| [39m  
2026-01-25T20:22:50.8374998Z [90m [2m❯[22m __tests__/observation-history.test.ts:[2m86:21[22m[39m
2026-01-25T20:22:50.8375463Z 
2026-01-25T20:22:50.8376048Z [31m[2m⎯⎯⎯⎯⎯⎯⎯⎯⎯⎯⎯⎯⎯⎯⎯⎯⎯⎯⎯⎯⎯⎯[43/59]⎯[22m[39m
2026-01-25T20:22:50.8376375Z 
2026-01-25T20:22:50.8377996Z [31m[1m[7m FAIL [27m[22m[39m __tests__/observation-history.test.ts[2m > [22mObservation Versioning - getObservationHistory[2m > [22mshould traverse version chain forwards (superseded_by)
2026-01-25T20:22:50.8379735Z [31m[1mError[22m: Entity 'obs-v1' not found in thread 'TestEntity'[39m
2026-01-25T20:22:50.8381137Z [36m [2m❯[22m Module.getObservationHistory lib/versioning/observation-history.ts:[2m24:11[22m[39m
2026-01-25T20:22:50.8383068Z     [90m 22| [39m  [35mconst[39m entity [33m=[39m graph[33m.[39mentities[33m.[39m[34mfind[39m(e [33m=>[39m e[33m.[39mname [33m===[39m entityName [33m&&[39m e[33m.[39ma…
2026-01-25T20:22:50.8384383Z     [90m 23| [39m  [35mif[39m ([33m![39mentity) {
2026-01-25T20:22:50.8386223Z     [90m 24| [39m    [35mthrow[39m [35mnew[39m [33mError[39m([32m`Entity '[39m[36m${[39mentityName[36m}[39m[32m' not found in thread '[39m[36m${[39mthr…
2026-01-25T20:22:50.8387386Z     [90m   | [39m          [31m^[39m
2026-01-25T20:22:50.8387848Z     [90m 25| [39m  }
2026-01-25T20:22:50.8388230Z     [90m 26| [39m  
2026-01-25T20:22:50.8389004Z [90m [2m❯[22m __tests__/observation-history.test.ts:[2m135:21[22m[39m
2026-01-25T20:22:50.8389451Z 
2026-01-25T20:22:50.8389808Z [31m[2m⎯⎯⎯⎯⎯⎯⎯⎯⎯⎯⎯⎯⎯⎯⎯⎯⎯⎯⎯⎯⎯⎯[44/59]⎯[22m[39m
2026-01-25T20:22:50.8390093Z 
2026-01-25T20:22:50.8391492Z [31m[1m[7m FAIL [27m[22m[39m __tests__/observation-history.test.ts[2m > [22mObservation Versioning - getObservationHistory[2m > [22mshould traverse version chain backwards (supersedes)
2026-01-25T20:22:50.8393093Z [31m[1mError[22m: Entity 'obs-v3' not found in thread 'TestEntity'[39m
2026-01-25T20:22:50.8394390Z [36m [2m❯[22m Module.getObservationHistory lib/versioning/observation-history.ts:[2m24:11[22m[39m
2026-01-25T20:22:50.8396496Z     [90m 22| [39m  [35mconst[39m entity [33m=[39m graph[33m.[39mentities[33m.[39m[34mfind[39m(e [33m=>[39m e[33m.[39mname [33m===[39m entityName [33m&&[39m e[33m.[39ma…
2026-01-25T20:22:50.8397876Z     [90m 23| [39m  [35mif[39m ([33m![39mentity) {
2026-01-25T20:22:50.8399342Z     [90m 24| [39m    [35mthrow[39m [35mnew[39m [33mError[39m([32m`Entity '[39m[36m${[39mentityName[36m}[39m[32m' not found in thread '[39m[36m${[39mthr…
2026-01-25T20:22:50.8400560Z     [90m   | [39m          [31m^[39m
2026-01-25T20:22:50.8401035Z     [90m 25| [39m  }
2026-01-25T20:22:50.8401426Z     [90m 26| [39m  
2026-01-25T20:22:50.8402236Z [90m [2m❯[22m __tests__/observation-history.test.ts:[2m185:21[22m[39m
2026-01-25T20:22:50.8402728Z 
2026-01-25T20:22:50.8403180Z [31m[2m⎯⎯⎯⎯⎯⎯⎯⎯⎯⎯⎯⎯⎯⎯⎯⎯⎯⎯⎯⎯⎯⎯[45/59]⎯[22m[39m
2026-01-25T20:22:50.8403521Z 
2026-01-25T20:22:50.8404973Z [31m[1m[7m FAIL [27m[22m[39m __tests__/observation-history.test.ts[2m > [22mObservation Versioning - getObservationHistory[2m > [22mshould handle mid-chain starting point
2026-01-25T20:22:50.8406905Z [31m[1mError[22m: Entity 'obs-v2' not found in thread 'TestEntity'[39m
2026-01-25T20:22:50.8408262Z [36m [2m❯[22m Module.getObservationHistory lib/versioning/observation-history.ts:[2m24:11[22m[39m
2026-01-25T20:22:50.8410272Z     [90m 22| [39m  [35mconst[39m entity [33m=[39m graph[33m.[39mentities[33m.[39m[34mfind[39m(e [33m=>[39m e[33m.[39mname [33m===[39m entityName [33m&&[39m e[33m.[39ma…
2026-01-25T20:22:50.8411675Z     [90m 23| [39m  [35mif[39m ([33m![39mentity) {
2026-01-25T20:22:50.8413373Z     [90m 24| [39m    [35mthrow[39m [35mnew[39m [33mError[39m([32m`Entity '[39m[36m${[39mentityName[36m}[39m[32m' not found in thread '[39m[36m${[39mthr…
2026-01-25T20:22:50.8414504Z     [90m   | [39m          [31m^[39m
2026-01-25T20:22:50.8415003Z     [90m 25| [39m  }
2026-01-25T20:22:50.8415405Z     [90m 26| [39m  
2026-01-25T20:22:50.8416415Z [90m [2m❯[22m __tests__/observation-history.test.ts:[2m235:21[22m[39m
2026-01-25T20:22:50.8416914Z 
2026-01-25T20:22:50.8417355Z [31m[2m⎯⎯⎯⎯⎯⎯⎯⎯⎯⎯⎯⎯⎯⎯⎯⎯⎯⎯⎯⎯⎯⎯[46/59]⎯[22m[39m
2026-01-25T20:22:50.8417699Z 
2026-01-25T20:22:50.8419329Z [31m[1m[7m FAIL [27m[22m[39m __tests__/observation-history.test.ts[2m > [22mObservation Versioning - getObservationHistory[2m > [22mshould return observations in version chain order
2026-01-25T20:22:50.8421108Z [31m[1mError[22m: Entity 'obs-v1' not found in thread 'TestEntity'[39m
2026-01-25T20:22:50.8422414Z [36m [2m❯[22m Module.getObservationHistory lib/versioning/observation-history.ts:[2m24:11[22m[39m
2026-01-25T20:22:50.8424385Z     [90m 22| [39m  [35mconst[39m entity [33m=[39m graph[33m.[39mentities[33m.[39m[34mfind[39m(e [33m=>[39m e[33m.[39mname [33m===[39m entityName [33m&&[39m e[33m.[39ma…
2026-01-25T20:22:50.8426242Z     [90m 23| [39m  [35mif[39m ([33m![39mentity) {
2026-01-25T20:22:50.8427734Z     [90m 24| [39m    [35mthrow[39m [35mnew[39m [33mError[39m([32m`Entity '[39m[36m${[39mentityName[36m}[39m[32m' not found in thread '[39m[36m${[39mthr…
2026-01-25T20:22:50.8428943Z     [90m   | [39m          [31m^[39m
2026-01-25T20:22:50.8429445Z     [90m 25| [39m  }
2026-01-25T20:22:50.8429864Z     [90m 26| [39m  
2026-01-25T20:22:50.8430692Z [90m [2m❯[22m __tests__/observation-history.test.ts:[2m275:21[22m[39m
2026-01-25T20:22:50.8431177Z 
2026-01-25T20:22:50.8431588Z [31m[2m⎯⎯⎯⎯⎯⎯⎯⎯⎯⎯⎯⎯⎯⎯⎯⎯⎯⎯⎯⎯⎯⎯[47/59]⎯[22m[39m
2026-01-25T20:22:50.8431918Z 
2026-01-25T20:22:50.8433498Z [31m[1m[7m FAIL [27m[22m[39m __tests__/observation-history.test.ts[2m > [22mObservation Versioning - getObservationHistory[2m > [22mshould include all observation fields in history
2026-01-25T20:22:50.8435239Z [31m[1mError[22m: Entity 'obs-full' not found in thread 'TestEntity'[39m
2026-01-25T20:22:50.8436827Z [36m [2m❯[22m Module.getObservationHistory lib/versioning/observation-history.ts:[2m24:11[22m[39m
2026-01-25T20:22:50.8438778Z     [90m 22| [39m  [35mconst[39m entity [33m=[39m graph[33m.[39mentities[33m.[39m[34mfind[39m(e [33m=>[39m e[33m.[39mname [33m===[39m entityName [33m&&[39m e[33m.[39ma…
2026-01-25T20:22:50.8440101Z     [90m 23| [39m  [35mif[39m ([33m![39mentity) {
2026-01-25T20:22:50.8441549Z     [90m 24| [39m    [35mthrow[39m [35mnew[39m [33mError[39m([32m`Entity '[39m[36m${[39mentityName[36m}[39m[32m' not found in thread '[39m[36m${[39mthr…
2026-01-25T20:22:50.8442699Z     [90m   | [39m          [31m^[39m
2026-01-25T20:22:50.8443164Z     [90m 25| [39m  }
2026-01-25T20:22:50.8443552Z     [90m 26| [39m  
2026-01-25T20:22:50.8444306Z [90m [2m❯[22m __tests__/observation-history.test.ts:[2m307:21[22m[39m
2026-01-25T20:22:50.8444771Z 
2026-01-25T20:22:50.8445185Z [31m[2m⎯⎯⎯⎯⎯⎯⎯⎯⎯⎯⎯⎯⎯⎯⎯⎯⎯⎯⎯⎯⎯⎯[48/59]⎯[22m[39m
2026-01-25T20:22:50.8445735Z 
2026-01-25T20:22:50.8447364Z [31m[1m[7m FAIL [27m[22m[39m __tests__/save-memory-integration.test.ts[2m > [22mSave Memory Handler - Integration Tests[2m > [22mshould apply default confidence and importance values
2026-01-25T20:22:50.8449123Z [31m[1mAssertionError[22m: expected undefined to be defined[39m
2026-01-25T20:22:50.8450288Z [36m [2m❯[22m __tests__/save-memory-integration.test.ts:[2m187:20[22m[39m
2026-01-25T20:22:50.8451752Z     [90m185| [39m    [35mconst[39m graph [33m=[39m [35mawait[39m manager[33m.[39m[34mreadGraph[39m()[33m;[39m
2026-01-25T20:22:50.8453687Z     [90m186| [39m    [35mconst[39m entity [33m=[39m graph[33m.[39mentities[33m.[39m[34mfind[39m(e [33m=>[39m e[33m.[39mname [33m===[39m [32m'Entity1'[39m)[33m;[39m
2026-01-25T20:22:50.8455711Z     [90m187| [39m    [34mexpect[39m(entity)[33m.[39m[34mtoBeDefined[39m()[33m;[39m
2026-01-25T20:22:50.8456649Z     [90m   | [39m                   [31m^[39m
2026-01-25T20:22:50.8458103Z     [90m188| [39m    [34mexpect[39m(entity[33m![39m[33m.[39mconfidence)[33m.[39m[34mtoBe[39m([34m1.0[39m)[33m;[39m [90m// Default confidence[39m
2026-01-25T20:22:50.8460124Z     [90m189| [39m    [34mexpect[39m(entity[33m![39m[33m.[39mimportance)[33m.[39m[34mtoBe[39m([34m0.5[39m)[33m;[39m [90m// Default importance[39m
2026-01-25T20:22:50.8461009Z 
2026-01-25T20:22:50.8461442Z [31m[2m⎯⎯⎯⎯⎯⎯⎯⎯⎯⎯⎯⎯⎯⎯⎯⎯⎯⎯⎯⎯⎯⎯[49/59]⎯[22m[39m
2026-01-25T20:22:50.8461793Z 
2026-01-25T20:22:50.8463429Z [31m[1m[7m FAIL [27m[22m[39m __tests__/save-memory-integration.test.ts[2m > [22mSave Memory Handler - Integration Tests[2m > [22mshould respect custom confidence and importance values
2026-01-25T20:22:50.8465201Z [31m[1mAssertionError[22m: expected undefined to be defined[39m
2026-01-25T20:22:50.8466591Z [36m [2m❯[22m __tests__/save-memory-integration.test.ts:[2m228:20[22m[39m
2026-01-25T20:22:50.8467925Z     [90m226| [39m    [35mconst[39m graph [33m=[39m [35mawait[39m manager[33m.[39m[34mreadGraph[39m()[33m;[39m
2026-01-25T20:22:50.8470198Z     [90m227| [39m    [35mconst[39m entity [33m=[39m graph[33m.[39mentities[33m.[39m[34mfind[39m(e [33m=>[39m e[33m.[39mname [33m===[39m [32m'Entity1'[39m)[33m;[39m
2026-01-25T20:22:50.8471824Z     [90m228| [39m    [34mexpect[39m(entity)[33m.[39m[34mtoBeDefined[39m()[33m;[39m
2026-01-25T20:22:50.8472714Z     [90m   | [39m                   [31m^[39m
2026-01-25T20:22:50.8473897Z     [90m229| [39m    [34mexpect[39m(entity[33m![39m[33m.[39mconfidence)[33m.[39m[34mtoBe[39m([34m0.8[39m)[33m;[39m
2026-01-25T20:22:50.8475453Z     [90m230| [39m    [34mexpect[39m(entity[33m![39m[33m.[39mimportance)[33m.[39m[34mtoBe[39m([34m0.7[39m)[33m;[39m
2026-01-25T20:22:50.8476381Z 
2026-01-25T20:22:50.8476812Z [31m[2m⎯⎯⎯⎯⎯⎯⎯⎯⎯⎯⎯⎯⎯⎯⎯⎯⎯⎯⎯⎯⎯⎯[50/59]⎯[22m[39m
2026-01-25T20:22:50.8477166Z 
2026-01-25T20:22:50.8478616Z [31m[1m[7m FAIL [27m[22m[39m __tests__/save-memory-integration.test.ts[2m > [22mSave Memory Handler - Integration Tests[2m > [22mshould create bidirectional relations
2026-01-25T20:22:50.8480390Z [31m[1mAssertionError[22m: expected false to be true // Object.is equality[39m
2026-01-25T20:22:50.8480932Z 
2026-01-25T20:22:50.8481151Z [32m- Expected[39m
2026-01-25T20:22:50.8481568Z [31m+ Received[39m
2026-01-25T20:22:50.8481771Z 
2026-01-25T20:22:50.8481954Z [32m- true[39m
2026-01-25T20:22:50.8482332Z [31m+ false[39m
2026-01-25T20:22:50.8482522Z 
2026-01-25T20:22:50.8483152Z [36m [2m❯[22m __tests__/save-memory-integration.test.ts:[2m270:27[22m[39m
2026-01-25T20:22:50.8483902Z     [90m268| [39m    )[33m;[39m
2026-01-25T20:22:50.8484339Z     [90m269| [39m    
2026-01-25T20:22:50.8485198Z     [90m270| [39m    [34mexpect[39m(parentToChild)[33m.[39m[34mtoBe[39m([35mtrue[39m)[33m;[39m
2026-01-25T20:22:50.8486354Z     [90m   | [39m                          [31m^[39m
2026-01-25T20:22:50.8487415Z     [90m271| [39m    [34mexpect[39m(childToParent)[33m.[39m[34mtoBe[39m([35mtrue[39m)[33m;[39m
2026-01-25T20:22:50.8488280Z     [90m272| [39m  })[33m;[39m
2026-01-25T20:22:50.8488559Z 
2026-01-25T20:22:50.8488958Z [31m[2m⎯⎯⎯⎯⎯⎯⎯⎯⎯⎯⎯⎯⎯⎯⎯⎯⎯⎯⎯⎯⎯⎯[51/59]⎯[22m[39m
2026-01-25T20:22:50.8489270Z 
2026-01-25T20:22:50.8491035Z [31m[1m[7m FAIL [27m[22m[39m __tests__/save-memory-integration.test.ts[2m > [22mSave Memory Handler - Integration Tests[2m > [22mshould allow incremental building with cross-thread entity references
2026-01-25T20:22:50.8493011Z [31m[1mAssertionError[22m: expected false to be true // Object.is equality[39m
2026-01-25T20:22:50.8493572Z 
2026-01-25T20:22:50.8493836Z [32m- Expected[39m
2026-01-25T20:22:50.8494294Z [31m+ Received[39m
2026-01-25T20:22:50.8494503Z 
2026-01-25T20:22:50.8494671Z [32m- true[39m
2026-01-25T20:22:50.8495029Z [31m+ false[39m
2026-01-25T20:22:50.8495222Z 
2026-01-25T20:22:50.8496354Z [36m [2m❯[22m __tests__/save-memory-integration.test.ts:[2m423:61[22m[39m
2026-01-25T20:22:50.8497581Z     [90m421| [39m    [90m// Verify the graph contains both entities and their relation[39m
2026-01-25T20:22:50.8498944Z     [90m422| [39m    [35mconst[39m graph [33m=[39m [35mawait[39m manager[33m.[39m[34mreadGraph[39m()[33m;[39m
2026-01-25T20:22:50.8501041Z     [90m423| [39m    [34mexpect[39m(graph[33m.[39mentities[33m.[39m[34msome[39m(e [33m=>[39m e[33m.[39mname [33m===[39m [32m'ServiceA'[39m))[33m.[39m[34mtoBe[39m([35mtrue[39m)[33m;[39m
2026-01-25T20:22:50.8502663Z     [90m   | [39m                                                            [31m^[39m
2026-01-25T20:22:50.8504523Z     [90m424| [39m    [34mexpect[39m(graph[33m.[39mentities[33m.[39m[34msome[39m(e [33m=>[39m e[33m.[39mname [33m===[39m [32m'ServiceB'[39m))[33m.[39m[34mtoBe[39m([35mtrue[39m)[33m;[39m
2026-01-25T20:22:50.8506545Z     [90m425| [39m    [34mexpect[39m(graph[33m.[39mrelations[33m.[39m[34msome[39m(r [33m=>[39m 
2026-01-25T20:22:50.8507395Z 
2026-01-25T20:22:50.8507844Z [31m[2m⎯⎯⎯⎯⎯⎯⎯⎯⎯⎯⎯⎯⎯⎯⎯⎯⎯⎯⎯⎯⎯⎯[52/59]⎯[22m[39m
2026-01-25T20:22:50.8508185Z 
2026-01-25T20:22:50.8509880Z [31m[1m[7m FAIL [27m[22m[39m __tests__/storage-abstraction.test.ts[2m > [22mStorage Abstraction[2m > [22mJSONL storage adapter (default)[2m > [22mshould create and read entities using JSONL storage
2026-01-25T20:22:50.8511632Z [31m[1mAssertionError[22m: expected [] to have a length of 1 but got +0[39m
2026-01-25T20:22:50.8512150Z 
2026-01-25T20:22:50.8512358Z [32m- Expected[39m
2026-01-25T20:22:50.8512764Z [31m+ Received[39m
2026-01-25T20:22:50.8512944Z 
2026-01-25T20:22:50.8513109Z [32m- 1[39m
2026-01-25T20:22:50.8513430Z [31m+ 0[39m
2026-01-25T20:22:50.8513578Z 
2026-01-25T20:22:50.8514100Z [36m [2m❯[22m __tests__/storage-abstraction.test.ts:[2m91:30[22m[39m
2026-01-25T20:22:50.8515343Z     [90m 89| [39m      [35mconst[39m graph [33m=[39m [35mawait[39m manager[33m.[39m[34mreadGraph[39m()[33m;[39m
2026-01-25T20:22:50.8516511Z     [90m 90| [39m      
2026-01-25T20:22:50.8517553Z     [90m 91| [39m      [34mexpect[39m(graph[33m.[39mentities)[33m.[39m[34mtoHaveLength[39m([34m1[39m)[33m;[39m
2026-01-25T20:22:50.8518920Z     [90m   | [39m                             [31m^[39m
2026-01-25T20:22:50.8520502Z     [90m 92| [39m      [34mexpect[39m(graph[33m.[39mentities[[34m0[39m][33m.[39mname)[33m.[39m[34mtoBe[39m([32m'TestEntity'[39m)[33m;[39m
2026-01-25T20:22:50.8521673Z     [90m 93| [39m    })[33m;[39m
2026-01-25T20:22:50.8521971Z 
2026-01-25T20:22:50.8522379Z [31m[2m⎯⎯⎯⎯⎯⎯⎯⎯⎯⎯⎯⎯⎯⎯⎯⎯⎯⎯⎯⎯⎯⎯[53/59]⎯[22m[39m
2026-01-25T20:22:50.8522733Z 
2026-01-25T20:22:50.8524332Z [31m[1m[7m FAIL [27m[22m[39m __tests__/storage-abstraction.test.ts[2m > [22mStorage Abstraction[2m > [22mIn-memory storage adapter (custom)[2m > [22mshould create and read entities
2026-01-25T20:22:50.8526434Z [31m[1mAssertionError[22m: expected [] to have a length of 1 but got +0[39m
2026-01-25T20:22:50.8527034Z 
2026-01-25T20:22:50.8527269Z [32m- Expected[39m
2026-01-25T20:22:50.8527700Z [31m+ Received[39m
2026-01-25T20:22:50.8527908Z 
2026-01-25T20:22:50.8528088Z [32m- 1[39m
2026-01-25T20:22:50.8528429Z [31m+ 0[39m
2026-01-25T20:22:50.8528607Z 
2026-01-25T20:22:50.8529195Z [36m [2m❯[22m __tests__/storage-abstraction.test.ts:[2m110:30[22m[39m
2026-01-25T20:22:50.8530452Z     [90m108| [39m      [35mconst[39m graph [33m=[39m [35mawait[39m manager[33m.[39m[34mreadGraph[39m()[33m;[39m
2026-01-25T20:22:50.8531304Z     [90m109| [39m      
2026-01-25T20:22:50.8532293Z     [90m110| [39m      [34mexpect[39m(graph[33m.[39mentities)[33m.[39m[34mtoHaveLength[39m([34m1[39m)[33m;[39m
2026-01-25T20:22:50.8533365Z     [90m   | [39m                             [31m^[39m
2026-01-25T20:22:50.8534977Z     [90m111| [39m      [34mexpect[39m(graph[33m.[39mentities[[34m0[39m][33m.[39mname)[33m.[39m[34mtoBe[39m([32m'TestEntity'[39m)[33m;[39m
2026-01-25T20:22:50.8536305Z     [90m112| [39m    })[33m;[39m
2026-01-25T20:22:50.8536580Z 
2026-01-25T20:22:50.8537006Z [31m[2m⎯⎯⎯⎯⎯⎯⎯⎯⎯⎯⎯⎯⎯⎯⎯⎯⎯⎯⎯⎯⎯⎯[54/59]⎯[22m[39m
2026-01-25T20:22:50.8537332Z 
2026-01-25T20:22:50.8538979Z [31m[1m[7m FAIL [27m[22m[39m __tests__/storage-abstraction.test.ts[2m > [22mStorage Abstraction[2m > [22mIn-memory storage adapter (custom)[2m > [22mshould create entities and relations
2026-01-25T20:22:50.8540797Z [31m[1mAssertionError[22m: expected [] to have a length of 2 but got +0[39m
2026-01-25T20:22:50.8541352Z 
2026-01-25T20:22:50.8541726Z [32m- Expected[39m
2026-01-25T20:22:50.8542356Z [31m+ Received[39m
2026-01-25T20:22:50.8542673Z 
2026-01-25T20:22:50.8542976Z [32m- 2[39m
2026-01-25T20:22:50.8543799Z [31m+ 0[39m
2026-01-25T20:22:50.8544085Z 
2026-01-25T20:22:50.8544857Z [36m [2m❯[22m __tests__/storage-abstraction.test.ts:[2m124:30[22m[39m
2026-01-25T20:22:50.8546882Z     [90m122| [39m      [35mconst[39m graph [33m=[39m [35mawait[39m manager[33m.[39m[34mreadGraph[39m()[33m;[39m
2026-01-25T20:22:50.8548576Z     [90m123| [39m      
2026-01-25T20:22:50.8549875Z     [90m124| [39m      [34mexpect[39m(graph[33m.[39mentities)[33m.[39m[34mtoHaveLength[39m([34m2[39m)[33m;[39m
2026-01-25T20:22:50.8551215Z     [90m   | [39m                             [31m^[39m
2026-01-25T20:22:50.8552829Z     [90m125| [39m      [34mexpect[39m(graph[33m.[39mrelations)[33m.[39m[34mtoHaveLength[39m([34m1[39m)[33m;[39m
2026-01-25T20:22:50.8555016Z     [90m126| [39m      [34mexpect[39m(graph[33m.[39mrelations[[34m0[39m][33m.[39m[35mfrom[39m)[33m.[39m[34mtoBe[39m([32m'Alice'[39m)[33m;[39m
2026-01-25T20:22:50.8556179Z 
2026-01-25T20:22:50.8574516Z [31m[2m⎯⎯⎯⎯⎯⎯⎯⎯⎯⎯⎯⎯⎯⎯⎯⎯⎯⎯⎯⎯⎯⎯[55/59]⎯[22m[39m
2026-01-25T20:22:50.8574919Z 
2026-01-25T20:22:50.8576929Z [31m[1m[7m FAIL [27m[22m[39m __tests__/storage-abstraction.test.ts[2m > [22mStorage Abstraction[2m > [22mIn-memory storage adapter (custom)[2m > [22mshould handle multiple sequential operations
2026-01-25T20:22:50.8578896Z [31m[1mAssertionError[22m: expected [] to have a length of 1 but got +0[39m
2026-01-25T20:22:50.8579467Z 
2026-01-25T20:22:50.8579745Z [32m- Expected[39m
2026-01-25T20:22:50.8580293Z [31m+ Received[39m
2026-01-25T20:22:50.8580551Z 
2026-01-25T20:22:50.8580747Z [32m- 1[39m
2026-01-25T20:22:50.8581133Z [31m+ 0[39m
2026-01-25T20:22:50.8581321Z 
2026-01-25T20:22:50.8581952Z [36m [2m❯[22m __tests__/storage-abstraction.test.ts:[2m136:31[22m[39m
2026-01-25T20:22:50.8583202Z     [90m134| [39m      [35mawait[39m manager[33m.[39m[34mcreateEntities[39m([entity1])[33m;[39m
2026-01-25T20:22:50.8584724Z     [90m135| [39m      [35mconst[39m graph1 [33m=[39m [35mawait[39m manager[33m.[39m[34mreadGraph[39m()[33m;[39m
2026-01-25T20:22:50.8586583Z     [90m136| [39m      [34mexpect[39m(graph1[33m.[39mentities)[33m.[39m[34mtoHaveLength[39m([34m1[39m)[33m;[39m
2026-01-25T20:22:50.8587764Z     [90m   | [39m                              [31m^[39m
2026-01-25T20:22:50.8588453Z     [90m137| [39m
2026-01-25T20:22:50.8589389Z     [90m138| [39m      [35mawait[39m manager[33m.[39m[34mcreateEntities[39m([entity2])[33m;[39m
2026-01-25T20:22:50.8590021Z 
2026-01-25T20:22:50.8590486Z [31m[2m⎯⎯⎯⎯⎯⎯⎯⎯⎯⎯⎯⎯⎯⎯⎯⎯⎯⎯⎯⎯⎯⎯[56/59]⎯[22m[39m
2026-01-25T20:22:50.8590860Z 
2026-01-25T20:22:50.8592268Z [31m[1m[7m FAIL [27m[22m[39m __tests__/update-observation.test.ts[2m > [22mupdateObservation[2m > [22mshould update an observation and create a new version
2026-01-25T20:22:50.8593916Z [31m[1mAssertionError[22m: expected undefined to be defined[39m
2026-01-25T20:22:50.8595047Z [36m [2m❯[22m __tests__/update-observation.test.ts:[2m58:20[22m[39m
2026-01-25T20:22:50.8596641Z     [90m 56| [39m    [35mconst[39m graph [33m=[39m [35mawait[39m manager[33m.[39m[34mreadGraph[39m()[33m;[39m
2026-01-25T20:22:50.8598949Z     [90m 57| [39m    [35mconst[39m entity [33m=[39m graph[33m.[39mentities[33m.[39m[34mfind[39m(e [33m=>[39m e[33m.[39mname [33m===[39m [33mTEST_CONSTANTS[39m[33m.[39m…
2026-01-25T20:22:50.8600686Z     [90m 58| [39m    [34mexpect[39m(entity)[33m.[39m[34mtoBeDefined[39m()[33m;[39m
2026-01-25T20:22:50.8601597Z     [90m   | [39m                   [31m^[39m
2026-01-25T20:22:50.8602157Z     [90m 59| [39m    
2026-01-25T20:22:50.8603759Z     [90m 60| [39m    [35mconst[39m oldObs [33m=[39m entity[33m![39m[33m.[39mobservations[33m.[39m[34mfind[39m(o [33m=>[39m o[33m.[39mid [33m===[39m [32m'obs-001'[39m)[33m;[39m
2026-01-25T20:22:50.8604814Z 
2026-01-25T20:22:50.8605294Z [31m[2m⎯⎯⎯⎯⎯⎯⎯⎯⎯⎯⎯⎯⎯⎯⎯⎯⎯⎯⎯⎯⎯⎯[57/59]⎯[22m[39m
2026-01-25T20:22:50.8605907Z 
2026-01-25T20:22:50.8607163Z [31m[1m[7m FAIL [27m[22m[39m __tests__/update-observation.test.ts[2m > [22mupdateObservation[2m > [22mshould create a valid version chain
2026-01-25T20:22:50.8608911Z [31m[1mTypeError[22m: Cannot read properties of undefined (reading 'observations')[39m
2026-01-25T20:22:50.8610517Z [36m [2m❯[22m __tests__/update-observation.test.ts:[2m173:20[22m[39m
2026-01-25T20:22:50.8611903Z     [90m171| [39m    [35mconst[39m graph [33m=[39m [35mawait[39m manager[33m.[39m[34mreadGraph[39m()[33m;[39m
2026-01-25T20:22:50.8613952Z     [90m172| [39m    [35mconst[39m entity [33m=[39m graph[33m.[39mentities[33m.[39m[34mfind[39m(e [33m=>[39m e[33m.[39mname [33m===[39m [33mTEST_CONSTANTS[39m[33m.[39m…
2026-01-25T20:22:50.8616221Z     [90m173| [39m    [34mexpect[39m(entity[33m![39m[33m.[39mobservations)[33m.[39m[34mtoHaveLength[39m([34m3[39m)[33m;[39m
2026-01-25T20:22:50.8617412Z     [90m   | [39m                   [31m^[39m
2026-01-25T20:22:50.8617953Z     [90m174| [39m
2026-01-25T20:22:50.8619522Z     [90m175| [39m    [35mconst[39m obsV1 [33m=[39m entity[33m![39m[33m.[39mobservations[33m.[39m[34mfind[39m(o [33m=>[39m o[33m.[39mid [33m===[39m [32m'obs-v1'[39m)[33m;[39m
2026-01-25T20:22:50.8620593Z 
2026-01-25T20:22:50.8621082Z [31m[2m⎯⎯⎯⎯⎯⎯⎯⎯⎯⎯⎯⎯⎯⎯⎯⎯⎯⎯⎯⎯⎯⎯[58/59]⎯[22m[39m
2026-01-25T20:22:50.8621445Z 
2026-01-25T20:22:50.8622653Z [31m[1m[7m FAIL [27m[22m[39m __tests__/update-observation.test.ts[2m > [22mupdateObservation[2m > [22mshould update entity timestamp
2026-01-25T20:22:50.8624335Z [31m[1mTypeError[22m: Cannot read properties of undefined (reading 'timestamp')[39m
2026-01-25T20:22:50.8625802Z [36m [2m❯[22m __tests__/update-observation.test.ts:[2m204:20[22m[39m
2026-01-25T20:22:50.8627212Z     [90m202| [39m    [35mconst[39m graph [33m=[39m [35mawait[39m manager[33m.[39m[34mreadGraph[39m()[33m;[39m
2026-01-25T20:22:50.8629252Z     [90m203| [39m    [35mconst[39m entity [33m=[39m graph[33m.[39mentities[33m.[39m[34mfind[39m(e [33m=>[39m e[33m.[39mname [33m===[39m [33mTEST_CONSTANTS[39m[33m.[39m…
2026-01-25T20:22:50.8631814Z     [90m204| [39m    [34mexpect[39m(entity[33m![39m[33m.[39mtimestamp)[33m.[39m[34mtoBe[39m([33mTEST_CONSTANTS[39m[33m.[39m[33mUPDATE_TIMESTAMP[39m)[33m;[39m
2026-01-25T20:22:50.8633242Z     [90m   | [39m                   [31m^[39m
2026-01-25T20:22:50.8633878Z     [90m205| [39m  })[33m;[39m
2026-01-25T20:22:50.8634418Z     [90m206| [39m})[33m;[39m
2026-01-25T20:22:50.8634713Z 
2026-01-25T20:22:50.8635150Z [31m[2m⎯⎯⎯⎯⎯⎯⎯⎯⎯⎯⎯⎯⎯⎯⎯⎯⎯⎯⎯⎯⎯⎯[59/59]⎯[22m[39m
2026-01-25T20:22:50.8635722Z 
2026-01-25T20:22:50.8636578Z [2m Test Files [22m [1m[31m7 failed[39m[22m[2m | [22m[1m[32m9 passed[39m[22m[90m (16)[39m
2026-01-25T20:22:50.8638047Z [2m      Tests [22m [1m[31m59 failed[39m[22m[2m | [22m[1m[32m172 passed[39m[22m[90m (231)[39m
2026-01-25T20:22:50.8639078Z [2m   Start at [22m 20:22:43
2026-01-25T20:22:50.8640386Z [2m   Duration [22m 6.77s[2m (transform 893ms, setup 0ms, collect 4.33s, tests 5.34s, environment 7ms, prepare 2.20s)[22m
2026-01-25T20:22:50.8641172Z 
2026-01-25T20:22:50.8641199Z 
2026-01-25T20:22:50.8673099Z ##[error]AssertionError: expected +0 to be 2 // Object.is equality

- Expected
+ Received

- 2
+ 0

 ❯ __tests__/knowledge-graph-manager-extended.test.ts:88:33


2026-01-25T20:22:50.8685774Z 
2026-01-25T20:22:50.8687887Z ##[error]AssertionError: expected 0 to be greater than 0
 ❯ __tests__/knowledge-graph-manager-extended.test.ts:176:39


2026-01-25T20:22:50.8689211Z 
2026-01-25T20:22:50.8691629Z ##[error]AssertionError: expected false to be true // Object.is equality

- Expected
+ Received

- true
+ false

 ❯ __tests__/knowledge-graph-manager-extended.test.ts:270:28


2026-01-25T20:22:50.8693399Z 
2026-01-25T20:22:50.8695854Z ##[error]AssertionError: expected +0 to be 2 // Object.is equality

- Expected
+ Received

- 2
+ 0

 ❯ __tests__/knowledge-graph-manager-extended.test.ts:505:37


2026-01-25T20:22:50.8697349Z 
2026-01-25T20:22:50.8699815Z ##[error]AssertionError: expected undefined to be 0.9 // Object.is equality

- Expected: 
0.9

+ Received: 
undefined

 ❯ __tests__/knowledge-graph-manager-extended.test.ts:557:35


2026-01-25T20:22:50.8701668Z 
2026-01-25T20:22:50.8703956Z ##[error]TypeError: actual value must be number or bigint, received "undefined"
 ❯ __tests__/knowledge-graph-manager-extended.test.ts:600:43


2026-01-25T20:22:50.8705460Z 
2026-01-25T20:22:50.8707449Z ##[error]AssertionError: expected 0 to be greater than 0
 ❯ __tests__/knowledge-graph-manager-extended.test.ts:627:38


2026-01-25T20:22:50.8708751Z 
2026-01-25T20:22:50.8710456Z ##[error]AssertionError: expected 0 to be greater than 0
 ❯ __tests__/knowledge-graph-manager-extended.test.ts:653:38


2026-01-25T20:22:50.8711778Z 
2026-01-25T20:22:50.8714681Z ##[error]TypeError: number 1 is not iterable (cannot read property Symbol(Symbol.iterator))
 ❯ Module.getContext lib/analysis/context-builder.ts:20:30
 ❯ __tests__/knowledge-graph-manager-extended.test.ts:760:23


2026-01-25T20:22:50.8717180Z 
2026-01-25T20:22:50.8720444Z ##[error]TypeError: number 2 is not iterable (cannot read property Symbol(Symbol.iterator))
 ❯ Module.getContext lib/analysis/context-builder.ts:20:30
 ❯ __tests__/knowledge-graph-manager-extended.test.ts:785:23


2026-01-25T20:22:50.8722719Z 
2026-01-25T20:22:50.8726259Z ##[error]TypeError: number 2 is not iterable (cannot read property Symbol(Symbol.iterator))
 ❯ Module.getContext lib/analysis/context-builder.ts:20:30
 ❯ __tests__/knowledge-graph-manager-extended.test.ts:842:23


2026-01-25T20:22:50.8728466Z 
2026-01-25T20:22:50.8730742Z ##[error]AssertionError: expected [] to have a length of 2 but got +0

- Expected
+ Received

- 2
+ 0

 ❯ __tests__/knowledge-graph.test.ts:60:30


2026-01-25T20:22:50.8732397Z 
2026-01-25T20:22:50.8734812Z ##[error]AssertionError: expected [] to have a length of 1 but got +0

- Expected
+ Received

- 1
+ 0

 ❯ __tests__/knowledge-graph.test.ts:85:30


2026-01-25T20:22:50.8736871Z 
2026-01-25T20:22:50.8739497Z ##[error]AssertionError: expected [] to have a length of 1 but got +0

- Expected
+ Received

- 1
+ 0

 ❯ __tests__/knowledge-graph.test.ts:134:31


2026-01-25T20:22:50.8742382Z 
2026-01-25T20:22:50.8744687Z ##[error]AssertionError: expected [] to have a length of 1 but got +0

- Expected
+ Received

- 1
+ 0

 ❯ __tests__/knowledge-graph.test.ts:180:31


2026-01-25T20:22:50.8746653Z 
2026-01-25T20:22:50.8749010Z ##[error]AssertionError: expected [] to have a length of 2 but got +0

- Expected
+ Received

- 2
+ 0

 ❯ __tests__/knowledge-graph.test.ts:222:30


2026-01-25T20:22:50.8750765Z 
2026-01-25T20:22:50.8752230Z ##[error]AssertionError: expected [] to have a length of 2 but got +0

- Expected
+ Received

- 2
+ 0

 ❯ __tests__/knowledge-graph.test.ts:285:31


2026-01-25T20:22:50.8753254Z 
2026-01-25T20:22:50.8754292Z ##[error]AssertionError: Target cannot be null or undefined.
 ❯ __tests__/knowledge-graph.test.ts:328:35


2026-01-25T20:22:50.8755213Z 
2026-01-25T20:22:50.8757373Z ##[error]AssertionError: expected [] to have a length of 1 but got +0

- Expected
+ Received

- 1
+ 0

 ❯ __tests__/knowledge-graph.test.ts:425:30


2026-01-25T20:22:50.8758997Z 
2026-01-25T20:22:50.8761162Z ##[error]AssertionError: expected [] to have a length of 1 but got +0

- Expected
+ Received

- 1
+ 0

 ❯ __tests__/knowledge-graph.test.ts:488:31


2026-01-25T20:22:50.8762936Z 
2026-01-25T20:22:50.8765012Z ##[error]AssertionError: expected [] to have a length of 1 but got +0

- Expected
+ Received

- 1
+ 0

 ❯ __tests__/knowledge-graph.test.ts:517:31


2026-01-25T20:22:50.8766847Z 
2026-01-25T20:22:50.8768885Z ##[error]AssertionError: expected [] to have a length of 1 but got +0

- Expected
+ Received

- 1
+ 0

 ❯ __tests__/knowledge-graph.test.ts:584:31


2026-01-25T20:22:50.8770292Z 
2026-01-25T20:22:50.8772212Z ##[error]AssertionError: expected [] to have a length of 2 but got +0

- Expected
+ Received

- 2
+ 0

 ❯ __tests__/knowledge-graph.test.ts:598:31


2026-01-25T20:22:50.8773590Z 
2026-01-25T20:22:50.8775461Z ##[error]AssertionError: expected [] to have a length of 1 but got +0

- Expected
+ Received

- 1
+ 0

 ❯ __tests__/knowledge-graph.test.ts:614:31


2026-01-25T20:22:50.8777018Z 
2026-01-25T20:22:50.8778972Z ##[error]AssertionError: expected [] to have a length of 1 but got +0

- Expected
+ Received

- 1
+ 0

 ❯ __tests__/knowledge-graph.test.ts:628:31


2026-01-25T20:22:50.8780544Z 
2026-01-25T20:22:50.8782579Z ##[error]AssertionError: expected [] to have a length of 2 but got +0

- Expected
+ Received

- 2
+ 0

 ❯ __tests__/knowledge-graph.test.ts:642:31


2026-01-25T20:22:50.8784049Z 
2026-01-25T20:22:50.8786264Z ##[error]AssertionError: expected [] to have a length of 3 but got +0

- Expected
+ Received

- 3
+ 0

 ❯ __tests__/knowledge-graph.test.ts:654:31


2026-01-25T20:22:50.8787748Z 
2026-01-25T20:22:50.8789780Z ##[error]AssertionError: expected [] to have a length of 1 but got +0

- Expected
+ Received

- 1
+ 0

 ❯ __tests__/knowledge-graph.test.ts:697:30


2026-01-25T20:22:50.8791234Z 
2026-01-25T20:22:50.8793202Z ##[error]AssertionError: expected [] to have a length of 4 but got +0

- Expected
+ Received

- 4
+ 0

 ❯ __tests__/knowledge-graph.test.ts:988:22


2026-01-25T20:22:50.8794813Z 
2026-01-25T20:22:50.8797206Z ##[error]AssertionError: expected [] to have a length of 3 but got +0

- Expected
+ Received

- 3
+ 0

 ❯ __tests__/knowledge-graph.test.ts:1006:22


2026-01-25T20:22:50.8798985Z 
2026-01-25T20:22:50.8801323Z ##[error]AssertionError: expected [] to have a length of 3 but got +0

- Expected
+ Received

- 3
+ 0

 ❯ __tests__/knowledge-graph.test.ts:1012:22


2026-01-25T20:22:50.8803031Z 
2026-01-25T20:22:50.8805286Z ##[error]AssertionError: expected [] to have a length of 1 but got +0

- Expected
+ Received

- 1
+ 0

 ❯ __tests__/neo4j-e2e.test.ts:71:30


2026-01-25T20:22:50.8807619Z 
2026-01-25T20:22:50.8809918Z ##[error]AssertionError: expected [] to have a length of 1 but got +0

- Expected
+ Received

- 1
+ 0

 ❯ __tests__/neo4j-e2e.test.ts:102:30


2026-01-25T20:22:50.8811417Z 
2026-01-25T20:22:50.8813758Z ##[error]AssertionError: expected [] to have a length of 1 but got +0

- Expected
+ Received

- 1
+ 0

 ❯ __tests__/neo4j-e2e.test.ts:122:30


2026-01-25T20:22:50.8815467Z 
2026-01-25T20:22:50.8817583Z ##[error]AssertionError: expected [] to have a length of 2 but got +0

- Expected
+ Received

- 2
+ 0

 ❯ __tests__/neo4j-e2e.test.ts:143:30


2026-01-25T20:22:50.8819020Z 
2026-01-25T20:22:50.8820973Z ##[error]AssertionError: expected [] to have a length of 1 but got +0

- Expected
+ Received

- 1
+ 0

 ❯ __tests__/neo4j-e2e.test.ts:160:30


2026-01-25T20:22:50.8822480Z 
2026-01-25T20:22:50.8824402Z ##[error]AssertionError: expected [] to have a length of 50 but got +0

- Expected
+ Received

- 50
+ 0

 ❯ __tests__/neo4j-e2e.test.ts:191:30


2026-01-25T20:22:50.8826051Z 
2026-01-25T20:22:50.8827683Z ##[error]AssertionError: expected 0 to be greater than or equal to 10
 ❯ __tests__/neo4j-e2e.test.ts:210:37


2026-01-25T20:22:50.8828987Z 
2026-01-25T20:22:50.8830427Z ##[error]AssertionError: expected 0 to be greater than 0
 ❯ __tests__/neo4j-e2e.test.ts:260:38


2026-01-25T20:22:50.8831642Z 
2026-01-25T20:22:50.8833573Z ##[error]AssertionError: expected [] to have a length of 2 but got +0

- Expected
+ Received

- 2
+ 0

 ❯ __tests__/neo4j-e2e.test.ts:322:30


2026-01-25T20:22:50.8835273Z 
2026-01-25T20:22:50.8839527Z ##[error]AssertionError: expected [Function] to throw error including 'Entity \'NonExistent\' not found' but got 'Entity \'obs-123\' not found in threa…'

Expected: "Entity 'NonExistent' not found"
Received: "Entity 'obs-123' not found in thread 'NonExistent'"

 ❯ __tests__/observation-history.test.ts:34:5


2026-01-25T20:22:50.8843532Z (node:2968) MaxListenersExceededWarning: Possible EventEmitter memory leak detected. 11 unhandledRejection listeners added to [process]. MaxListeners is 10. Use emitter.setMaxListeners() to increase limit
2026-01-25T20:22:50.8845251Z (Use `node --trace-warnings ...` to show where the warning was created)
2026-01-25T20:22:50.8845875Z 
2026-01-25T20:22:50.8850233Z ##[error]AssertionError: expected [Function] to throw error including 'Observation \'non-existent-obs\' not …' but got 'Entity \'non-existent-obs\' not found…'

Expected: "Observation 'non-existent-obs' not found"
Received: "Entity 'non-existent-obs' not found in thread 'TestEntity'"

 ❯ __tests__/observation-history.test.ts:60:5


2026-01-25T20:22:50.8852861Z 
2026-01-25T20:22:50.8855825Z ##[error]Error: Entity 'obs-standalone' not found in thread 'TestEntity'
 ❯ Module.getObservationHistory lib/versioning/observation-history.ts:24:11
 ❯ __tests__/observation-history.test.ts:86:21


2026-01-25T20:22:50.8857725Z 
2026-01-25T20:22:50.8860416Z ##[error]Error: Entity 'obs-v1' not found in thread 'TestEntity'
 ❯ Module.getObservationHistory lib/versioning/observation-history.ts:24:11
 ❯ __tests__/observation-history.test.ts:135:21


2026-01-25T20:22:50.8862270Z 
2026-01-25T20:22:50.8864935Z ##[error]Error: Entity 'obs-v3' not found in thread 'TestEntity'
 ❯ Module.getObservationHistory lib/versioning/observation-history.ts:24:11
 ❯ __tests__/observation-history.test.ts:185:21


2026-01-25T20:22:50.8866927Z 
2026-01-25T20:22:50.8869611Z ##[error]Error: Entity 'obs-v2' not found in thread 'TestEntity'
 ❯ Module.getObservationHistory lib/versioning/observation-history.ts:24:11
 ❯ __tests__/observation-history.test.ts:235:21


2026-01-25T20:22:50.8871459Z 
2026-01-25T20:22:50.8874167Z ##[error]Error: Entity 'obs-v1' not found in thread 'TestEntity'
 ❯ Module.getObservationHistory lib/versioning/observation-history.ts:24:11
 ❯ __tests__/observation-history.test.ts:275:21


2026-01-25T20:22:50.8876171Z 
2026-01-25T20:22:50.8878879Z ##[error]Error: Entity 'obs-full' not found in thread 'TestEntity'
 ❯ Module.getObservationHistory lib/versioning/observation-history.ts:24:11
 ❯ __tests__/observation-history.test.ts:307:21


2026-01-25T20:22:50.8880926Z 
2026-01-25T20:22:50.8882702Z ##[error]AssertionError: expected undefined to be defined
 ❯ __tests__/save-memory-integration.test.ts:187:20


2026-01-25T20:22:50.8884050Z 
2026-01-25T20:22:50.8886106Z ##[error]AssertionError: expected undefined to be defined
 ❯ __tests__/save-memory-integration.test.ts:228:20


2026-01-25T20:22:50.8887493Z 
2026-01-25T20:22:50.8889788Z ##[error]AssertionError: expected false to be true // Object.is equality

- Expected
+ Received

- true
+ false

 ❯ __tests__/save-memory-integration.test.ts:270:27


2026-01-25T20:22:50.8891479Z 
2026-01-25T20:22:50.8893922Z ##[error]AssertionError: expected false to be true // Object.is equality

- Expected
+ Received

- true
+ false

 ❯ __tests__/save-memory-integration.test.ts:423:61


2026-01-25T20:22:50.8895746Z 
2026-01-25T20:22:50.8897887Z ##[error]AssertionError: expected [] to have a length of 1 but got +0

- Expected
+ Received

- 1
+ 0

 ❯ __tests__/storage-abstraction.test.ts:91:30


2026-01-25T20:22:50.8899451Z 
2026-01-25T20:22:50.8901545Z ##[error]AssertionError: expected [] to have a length of 1 but got +0

- Expected
+ Received

- 1
+ 0

 ❯ __tests__/storage-abstraction.test.ts:110:30


2026-01-25T20:22:50.8903067Z 
2026-01-25T20:22:50.8905207Z ##[error]AssertionError: expected [] to have a length of 2 but got +0

- Expected
+ Received

- 2
+ 0

 ❯ __tests__/storage-abstraction.test.ts:124:30


2026-01-25T20:22:50.8907174Z 
2026-01-25T20:22:50.8909305Z ##[error]AssertionError: expected [] to have a length of 1 but got +0

- Expected
+ Received

- 1
+ 0

 ❯ __tests__/storage-abstraction.test.ts:136:31


2026-01-25T20:22:50.8910796Z 
2026-01-25T20:22:50.8912376Z ##[error]AssertionError: expected undefined to be defined
 ❯ __tests__/update-observation.test.ts:58:20


2026-01-25T20:22:50.8913689Z 
2026-01-25T20:22:50.8915048Z ##[error]TypeError: Cannot read properties of undefined (reading 'observations')
 ❯ __tests__/update-observation.test.ts:173:20


2026-01-25T20:22:50.8916380Z 
2026-01-25T20:22:50.8917612Z ##[error]TypeError: Cannot read properties of undefined (reading 'timestamp')
 ❯ __tests__/update-observation.test.ts:204:20


2026-01-25T20:22:50.9038688Z npm error Lifecycle script `test` failed with error:
2026-01-25T20:22:50.9039583Z npm error code 1
2026-01-25T20:22:50.9040765Z npm error path /home/runner/work/mcp-memory-graph-enhanced/mcp-memory-graph-enhanced/src/memory-enhanced
2026-01-25T20:22:50.9043135Z npm error workspace server-memory-enhanced@2.3.2
2026-01-25T20:22:50.9044349Z npm error location /home/runner/work/mcp-memory-graph-enhanced/mcp-memory-graph-enhanced/src/memory-enhanced
2026-01-25T20:22:50.9045309Z npm error command failed
2026-01-25T20:22:50.9046105Z npm error command sh -c vitest run --coverage
2026-01-25T20:22:50.9110370Z ##[error]Process completed with exit code 1.
2026-01-25T20:22:50.9220087Z Post job cleanup.
2026-01-25T20:22:51.0195725Z [command]/usr/bin/git version
2026-01-25T20:22:51.0241301Z git version 2.52.0
2026-01-25T20:22:51.0286541Z Temporarily overriding HOME='/home/runner/work/_temp/02982fa8-c2a3-4b6a-ac92-5cf9f042cd9d' before making global git config changes
2026-01-25T20:22:51.0288011Z Adding repository directory to the temporary git global config as a safe directory
2026-01-25T20:22:51.0293448Z [command]/usr/bin/git config --global --add safe.directory /home/runner/work/mcp-memory-graph-enhanced/mcp-memory-graph-enhanced
2026-01-25T20:22:51.0331738Z [command]/usr/bin/git config --local --name-only --get-regexp core\.sshCommand
2026-01-25T20:22:51.0366676Z [command]/usr/bin/git submodule foreach --recursive sh -c "git config --local --name-only --get-regexp 'core\.sshCommand' && git config --local --unset-all 'core.sshCommand' || :"
2026-01-25T20:22:51.0603150Z [command]/usr/bin/git config --local --name-only --get-regexp http\.https\:\/\/github\.com\/\.extraheader
2026-01-25T20:22:51.0628323Z http.https://github.com/.extraheader
2026-01-25T20:22:51.0642904Z [command]/usr/bin/git config --local --unset-all http.https://github.com/.extraheader
2026-01-25T20:22:51.0678334Z [command]/usr/bin/git submodule foreach --recursive sh -c "git config --local --name-only --get-regexp 'http\.https\:\/\/github\.com\/\.extraheader' && git config --local --unset-all 'http.https://github.com/.extraheader' || :"
2026-01-25T20:22:51.0930999Z [command]/usr/bin/git config --local --name-only --get-regexp ^includeIf\.gitdir:
2026-01-25T20:22:51.0969020Z [command]/usr/bin/git submodule foreach --recursive git config --local --show-origin --name-only --get-regexp remote.origin.url
2026-01-25T20:22:51.1353193Z Print service container logs: 4ea608e5644e4257a6ff8e50871615cd_neo4j5150_c4e94b
2026-01-25T20:22:51.1359421Z ##[command]/usr/bin/docker logs --details f5b1c14eec465b2c504511b594a7ec122812ccfcb036b588d0d89ffa25f27ba9
2026-01-25T20:22:51.1506790Z  Changed password for user 'neo4j'. IMPORTANT: this change will only take effect if performed before the database is started for the first time.
2026-01-25T20:22:51.1508103Z  2026-01-25 20:22:16.185+0000 INFO  Logging config in use: File '/var/lib/neo4j/conf/user-logs.xml'
2026-01-25T20:22:51.1508811Z  2026-01-25 20:22:16.202+0000 INFO  Starting...
2026-01-25T20:22:51.1509568Z  2026-01-25 20:22:17.090+0000 INFO  This instance is ServerId{84a6e062} (84a6e062-1bc0-4a79-94f6-e30ce953cb59)
2026-01-25T20:22:51.1510383Z  2026-01-25 20:22:17.683+0000 INFO  ======== Neo4j 5.15.0 ========
2026-01-25T20:22:51.1510978Z  2026-01-25 20:22:19.201+0000 INFO  Bolt enabled on 0.0.0.0:7687.
2026-01-25T20:22:51.1511935Z  2026-01-25 20:22:19.813+0000 INFO  HTTP enabled on 0.0.0.0:7474.
2026-01-25T20:22:51.1512661Z  2026-01-25 20:22:19.814+0000 INFO  Remote interface available at http://localhost:7474/
2026-01-25T20:22:51.1513618Z  2026-01-25 20:22:19.816+0000 INFO  id: A87769C885E92E11F488BE2ECC7FB9D4BF30368F5713E361BC2D8A82CEBAF9E7
2026-01-25T20:22:51.1514385Z  2026-01-25 20:22:19.816+0000 INFO  name: system
2026-01-25T20:22:51.1514915Z  2026-01-25 20:22:19.817+0000 INFO  creationDate: 2026-01-25T20:22:18.199Z
2026-01-25T20:22:51.1515429Z  2026-01-25 20:22:19.817+0000 INFO  Started.
2026-01-25T20:22:51.1530342Z Stop and remove container: 4ea608e5644e4257a6ff8e50871615cd_neo4j5150_c4e94b
2026-01-25T20:22:51.1535452Z ##[command]/usr/bin/docker rm --force f5b1c14eec465b2c504511b594a7ec122812ccfcb036b588d0d89ffa25f27ba9
2026-01-25T20:22:51.5250586Z f5b1c14eec465b2c504511b594a7ec122812ccfcb036b588d0d89ffa25f27ba9
2026-01-25T20:22:51.5286377Z Remove container network: github_network_1b916ee13f4142af8493da204a1a7d39
2026-01-25T20:22:51.5290719Z ##[command]/usr/bin/docker network rm github_network_1b916ee13f4142af8493da204a1a7d39
2026-01-25T20:22:51.6479183Z github_network_1b916ee13f4142af8493da204a1a7d39
2026-01-25T20:22:51.6540855Z Cleaning up orphan processes
